stm32wbxx_ll_system.h:2221:26:LL_FLASH_GetUDN	4	static
stm32wbxx_ll_system.h:2233:26:LL_FLASH_GetDeviceID	4	static
stm32wbxx_ll_system.h:2245:26:LL_FLASH_GetSTCompanyID	4	static
app_ble.c:370:6:APP_BLE_Init	64	static
app_ble.c:493:28:SVCCTL_App_Notification	56	static
app_ble.c:754:22:APP_BLE_Get_Server_Connection_Status	4	static
app_ble.c:760:6:APP_BLE_Key_Button1_Action	8	static
app_ble.c:765:6:APP_BLE_Key_Button2_Action	8	static
app_ble.c:774:6:APP_BLE_Key_Button3_Action	4	static
app_ble.c:784:13:Ble_Tl_Init	16	static
app_ble.c:795:13:Ble_Hci_Gap_Gatt_Init	80	static
app_ble.c:931:13:Adv_Request	56	static
app_ble.c:1016:16:BleGetBdAddress	32	static
app_ble.c:1066:13:Adv_Cancel	16	static
app_ble.c:1098:13:Adv_Cancel_Req	8	static
app_ble.c:1110:13:Switch_OFF_GPIO	8	static
app_ble.c:1117:6:BLE_SVC_L2CAP_Conn_Update	48	static
app_ble.c:1151:13:Connection_Interval_Update_Req	8	static
app_ble.c:1169:6:hci_notify_asynch_evt	16	static
app_ble.c:1175:6:hci_cmd_resp_release	16	static
app_ble.c:1181:6:hci_cmd_resp_wait	16	static
app_ble.c:1187:13:BLE_UserEvtRx	24	static
app_ble.c:1205:13:BLE_StatusNot	24	static
app_ble.c:1236:6:SVCCTL_ResumeUserEventFlow	8	static
