stm32wbxx_ll_bus.h:540:22:LL_AHB2_GRP1_EnableClock	24	static
stm32wbxx_ll_bus.h:1275:22:LL_APB2_GRP1_EnableClock	24	static
stm32wbxx_nucleo.c:134:10:BSP_GetVersion	4	static
stm32wbxx_nucleo.c:152:6:BSP_LED_Init	40	static
stm32wbxx_nucleo.c:180:6:BSP_LED_DeInit	40	static
stm32wbxx_nucleo.c:200:6:BSP_LED_On	16	static
stm32wbxx_nucleo.c:214:6:BSP_LED_Off	16	static
stm32wbxx_nucleo.c:228:6:BSP_LED_Toggle	16	static
stm32wbxx_nucleo.c:255:6:BSP_PB_Init	40	static
stm32wbxx_nucleo.c:299:6:BSP_PB_DeInit	40	static
stm32wbxx_nucleo.c:317:10:BSP_PB_GetState	16	static
stm32wbxx_nucleo.c:436:13:SPIx_MspInit	32	static
stm32wbxx_nucleo.c:471:13:SPIx_Init	8	static
stm32wbxx_nucleo.c:511:13:SPIx_WriteReadData	40	static
stm32wbxx_nucleo.c:529:13:SPIx_Write	32	static
stm32wbxx_nucleo.c:548:13:SPIx_Error	8	static
stm32wbxx_nucleo.c:567:6:SD_IO_Init	32	static
stm32wbxx_nucleo.c:611:6:SD_IO_CSState	16	static
stm32wbxx_nucleo.c:630:6:SD_IO_WriteReadData	24	static
stm32wbxx_nucleo.c:641:9:SD_IO_WriteByte	24	static
stm32wbxx_nucleo.c:655:6:LCD_IO_Init	32	static
stm32wbxx_nucleo.c:686:6:LCD_IO_WriteReg	16	static
stm32wbxx_nucleo.c:707:6:LCD_IO_WriteMultipleData	24	static
stm32wbxx_nucleo.c:763:6:LCD_Delay	16	static
