stm32wbxx_ll_system.h:2221:26:LL_FLASH_GetUDN	4	static
stm32wbxx_ll_system.h:2233:26:LL_FLASH_GetDeviceID	4	static
stm32wbxx_ll_system.h:2245:26:LL_FLASH_GetSTCompanyID	4	static
app_ble.c:295:6:APP_BLE_Init	64	static
app_ble.c:414:28:SVCCTL_App_Notification	56	static
app_ble.c:661:22:APP_BLE_Get_Server_Connection_Status	4	static
app_ble.c:667:6:APP_BLE_Key_Button1_Action	8	static
app_ble.c:686:6:APP_BLE_Key_Button2_Action	4	static
app_ble.c:702:6:APP_BLE_Key_Button3_Action	4	static
app_ble.c:746:13:Ble_Tl_Init	16	static
app_ble.c:760:13:Ble_Hci_Gap_Gatt_Init	80	static
app_ble.c:919:13:Adv_Request	56	static
app_ble.c:1004:16:BleGetBdAddress	32	static
app_ble.c:1068:13:Adv_Mgr	8	static
app_ble.c:1080:13:AdvUpdateProcess	16	static
app_ble.c:1091:13:Adv_Update	8	static
app_ble.c:1099:6:BLE_SVC_L2CAP_Conn_Update	48	static
app_ble.c:1131:13:Connection_Interval_Update_Req	8	static
app_ble.c:1140:13:HciUserEvtProcess	16	static
app_ble.c:1159:6:hci_notify_asynch_evt	16	static
app_ble.c:1166:6:hci_cmd_resp_release	16	static
app_ble.c:1173:6:hci_cmd_resp_wait	16	static
app_ble.c:1180:13:BLE_UserEvtRx	24	static
app_ble.c:1198:13:BLE_StatusNot	16	static
app_ble.c:1216:6:SVCCTL_ResumeUserEventFlow	8	static
