dotstar.h:103:21:sine8	16	static
dotstar.h:117:21:gamma8	16	static
dotstar.h:131:21:Color	16	static
dotstar.c:22:6:Dotstar_Init	24	static
dotstar.c:57:6:ds_show	24	static
dotstar.c:104:6:ds_clear	8	static
dotstar.c:117:6:ds_setPixelColor	24	static
dotstar.c:134:6:ds_setPixelColor32B	24	static
dotstar.c:154:6:ds_fill	24	static
dotstar.c:198:10:ColorHSV	32	static
dotstar.c:280:10:ds_getPixelColor	24	static
dotstar.c:301:6:ds_setBrightness	16	static
dotstar.c:315:9:ds_getBrightness	4	static
dotstar.c:330:10:gamma32	32	static
dotstar.c:345:19:ds_getPixels	4	static
dotstar.c:349:19:ds_numPixels	4	static
