stm32wbxx_ll_exti.h:451:22:LL_EXTI_DisableIT_0_31	16	static
stm32wbxx_ll_exti.h:520:22:LL_EXTI_DisableIT_32_63	16	static
stm32wbxx_ll_rcc.h:1345:22:LL_RCC_HSE_SetCapacitorTuning	16	static
stm32wbxx_ll_rcc.h:1665:22:LL_RCC_LSE_SetDriveCapability	16	static
stm32wbxx_ll_rcc.h:2893:22:LL_RCC_ForceBackupDomainReset	4	static
stm32wbxx_ll_rcc.h:2903:22:LL_RCC_ReleaseBackupDomainReset	4	static
stm32wbxx_ll_rcc.h:4049:26:LL_RCC_IsActiveFlag_PINRST	4	static
stm32wbxx_ll_rcc.h:4059:26:LL_RCC_IsActiveFlag_SFTRST	4	static
stm32wbxx_ll_bus.h:540:22:LL_AHB2_GRP1_EnableClock	24	static
stm32wbxx_ll_bus.h:745:22:LL_AHB3_GRP1_EnableClock	24	static
stm32wbxx_ll_ipcc.h:313:22:LL_C1_IPCC_DisableTransmitChannel	16	static
stm32wbxx_ll_ipcc.h:382:22:LL_C1_IPCC_DisableReceiveChannel	16	static
stm32wbxx_ll_ipcc.h:451:22:LL_C2_IPCC_DisableTransmitChannel	16	static
stm32wbxx_ll_ipcc.h:520:22:LL_C2_IPCC_DisableReceiveChannel	16	static
stm32wbxx_ll_ipcc.h:575:22:LL_C1_IPCC_ClearFlag_CHx	16	static
stm32wbxx_ll_ipcc.h:646:22:LL_C2_IPCC_ClearFlag_CHx	16	static
stm32wbxx_ll_cortex.h:310:22:LL_LPM_EnableSleep	4	static
dotstar.h:103:21:sine8	16	static
dotstar.h:117:21:gamma8	16	static
dotstar.h:131:21:Color	16	static
main.c:251:5:main	8	static
main.c:378:6:SystemClock_Config	192	static
main.c:459:6:MX_LPUART1_UART_Init	8	static
main.c:507:6:MX_USART1_UART_Init	8	static
main.c:551:13:MX_I2C1_Init	8	static
main.c:596:13:MX_RF_Init	4	static
main.c:617:13:MX_RTC_Init	32	static
main.c:721:13:MX_SPI1_Init	8	static
main.c:761:13:MX_TIM1_Init	120	static
main.c:843:13:MX_GPIO_Init	32	static
main.c:891:6:HAL_GPIO_EXTI_Callback	32	static,ignoring_inline_asm
main.c:900:10:get_RTC_full	48	static
main.c:918:6:get_RTC_hrmin	56	static
main.c:940:6:get_RTC_hrminsec	64	static
main.c:972:6:startScreenUpdate	536	static
main.c:1069:6:startLEDControl	48	static
main.c:1203:6:startButtonPress	32	static
main.c:1285:6:startVibrateControl	24	static
main.c:1317:6:startRTCTick	40	static
main.c:1423:6:startBLETX	16	static
main.c:1442:6:startBLERX	16	static
main.c:1460:6:startLEDTimer	24	static
main.c:1517:6:startTouchRead	32	static
main.c:1622:6:PeriphClock_Config	4	static
main.c:1675:13:Config_HSE	16	static
main.c:1692:13:Reset_Device	8	static
main.c:1703:13:Reset_IPCC	8	static
main.c:1740:13:Reset_BackupDomain	8	static
main.c:1759:13:Init_Exti	8	static
main.c:1773:6:HAL_Delay	24	static,ignoring_inline_asm
main.c:1814:6:HAL_TIM_PeriodElapsedCallback	16	static
main.c:1831:6:Error_Handler	4	static
