stm32wbxx_ll_rcc.h:2839:22:LL_RCC_SetRTCClockSource	16	static
stm32wbxx_ll_rcc.h:2863:22:LL_RCC_EnableRTC	4	static
stm32wbxx_ll_rcc.h:2873:22:LL_RCC_DisableRTC	4	static
stm32wbxx_ll_bus.h:540:22:LL_AHB2_GRP1_EnableClock	24	static
stm32wbxx_ll_bus.h:745:22:LL_AHB3_GRP1_EnableClock	24	static
stm32wbxx_ll_bus.h:940:22:LL_APB1_GRP1_EnableClock	24	static
stm32wbxx_ll_bus.h:959:22:LL_APB1_GRP2_EnableClock	24	static
stm32wbxx_ll_bus.h:1039:22:LL_APB1_GRP1_DisableClock	16	static
stm32wbxx_ll_bus.h:1054:22:LL_APB1_GRP2_DisableClock	16	static
stm32wbxx_ll_bus.h:1275:22:LL_APB2_GRP1_EnableClock	24	static
stm32wbxx_ll_bus.h:1329:22:LL_APB2_GRP1_DisableClock	16	static
stm32wbxx_hal_msp.c:68:6:HAL_MspInit	8	static
stm32wbxx_hal_msp.c:99:6:HAL_UART_MspInit	56	static
stm32wbxx_hal_msp.c:229:6:HAL_UART_MspDeInit	16	static
stm32wbxx_hal_msp.c:290:6:HAL_RTC_MspInit	16	static
stm32wbxx_hal_msp.c:321:6:HAL_RTC_MspDeInit	16	static
stm32wbxx_hal_msp.c:346:6:HAL_I2C_MspInit	40	static
stm32wbxx_hal_msp.c:382:6:HAL_I2C_MspDeInit	16	static
stm32wbxx_hal_msp.c:407:6:HAL_SPI_MspInit	40	static
stm32wbxx_hal_msp.c:443:6:HAL_SPI_MspDeInit	16	static
stm32wbxx_hal_msp.c:472:6:HAL_TIM_Base_MspInit	16	static
stm32wbxx_hal_msp.c:491:6:HAL_TIM_MspPostInit	40	static
stm32wbxx_hal_msp.c:523:6:HAL_TIM_Base_MspDeInit	16	static
