Archive member included to satisfy reference by file (symbol)

c:/st/stm32cubeide_1.1.0/stm32cubeide/plugins/com.st.stm32cube.ide.mcu.externaltools.gnu-tools-for-stm32.7-2018-q2-update.win32_1.5.0.202011040924/tools/bin/../lib/gcc/arm-none-eabi/7.3.1/../../../../arm-none-eabi/lib/thumb/v7e-m/fpv4-sp/hard\libc_nano.a(lib_a-errno.o)
                              Application/User/Core/syscalls.o (__errno)
c:/st/stm32cubeide_1.1.0/stm32cubeide/plugins/com.st.stm32cube.ide.mcu.externaltools.gnu-tools-for-stm32.7-2018-q2-update.win32_1.5.0.202011040924/tools/bin/../lib/gcc/arm-none-eabi/7.3.1/../../../../arm-none-eabi/lib/thumb/v7e-m/fpv4-sp/hard\libc_nano.a(lib_a-exit.o)
                              c:/st/stm32cubeide_1.1.0/stm32cubeide/plugins/com.st.stm32cube.ide.mcu.externaltools.gnu-tools-for-stm32.7-2018-q2-update.win32_1.5.0.202011040924/tools/bin/../lib/gcc/arm-none-eabi/7.3.1/../../../../arm-none-eabi/lib/thumb/v7e-m/fpv4-sp/hard/crt0.o (exit)
c:/st/stm32cubeide_1.1.0/stm32cubeide/plugins/com.st.stm32cube.ide.mcu.externaltools.gnu-tools-for-stm32.7-2018-q2-update.win32_1.5.0.202011040924/tools/bin/../lib/gcc/arm-none-eabi/7.3.1/../../../../arm-none-eabi/lib/thumb/v7e-m/fpv4-sp/hard\libc_nano.a(lib_a-impure.o)
                              c:/st/stm32cubeide_1.1.0/stm32cubeide/plugins/com.st.stm32cube.ide.mcu.externaltools.gnu-tools-for-stm32.7-2018-q2-update.win32_1.5.0.202011040924/tools/bin/../lib/gcc/arm-none-eabi/7.3.1/../../../../arm-none-eabi/lib/thumb/v7e-m/fpv4-sp/hard\libc_nano.a(lib_a-exit.o) (_global_impure_ptr)
c:/st/stm32cubeide_1.1.0/stm32cubeide/plugins/com.st.stm32cube.ide.mcu.externaltools.gnu-tools-for-stm32.7-2018-q2-update.win32_1.5.0.202011040924/tools/bin/../lib/gcc/arm-none-eabi/7.3.1/../../../../arm-none-eabi/lib/thumb/v7e-m/fpv4-sp/hard\libc_nano.a(lib_a-init.o)
                              c:/st/stm32cubeide_1.1.0/stm32cubeide/plugins/com.st.stm32cube.ide.mcu.externaltools.gnu-tools-for-stm32.7-2018-q2-update.win32_1.5.0.202011040924/tools/bin/../lib/gcc/arm-none-eabi/7.3.1/../../../../arm-none-eabi/lib/thumb/v7e-m/fpv4-sp/hard/crt0.o (__libc_init_array)
c:/st/stm32cubeide_1.1.0/stm32cubeide/plugins/com.st.stm32cube.ide.mcu.externaltools.gnu-tools-for-stm32.7-2018-q2-update.win32_1.5.0.202011040924/tools/bin/../lib/gcc/arm-none-eabi/7.3.1/../../../../arm-none-eabi/lib/thumb/v7e-m/fpv4-sp/hard\libc_nano.a(lib_a-memcmp.o)
                              Middlewares/STM32_WPAN/osal.o (memcmp)
c:/st/stm32cubeide_1.1.0/stm32cubeide/plugins/com.st.stm32cube.ide.mcu.externaltools.gnu-tools-for-stm32.7-2018-q2-update.win32_1.5.0.202011040924/tools/bin/../lib/gcc/arm-none-eabi/7.3.1/../../../../arm-none-eabi/lib/thumb/v7e-m/fpv4-sp/hard\libc_nano.a(lib_a-memcpy-stub.o)
                              Middlewares/STM32_WPAN/hci_tl.o (memcpy)
c:/st/stm32cubeide_1.1.0/stm32cubeide/plugins/com.st.stm32cube.ide.mcu.externaltools.gnu-tools-for-stm32.7-2018-q2-update.win32_1.5.0.202011040924/tools/bin/../lib/gcc/arm-none-eabi/7.3.1/../../../../arm-none-eabi/lib/thumb/v7e-m/fpv4-sp/hard\libc_nano.a(lib_a-memset.o)
                              c:/st/stm32cubeide_1.1.0/stm32cubeide/plugins/com.st.stm32cube.ide.mcu.externaltools.gnu-tools-for-stm32.7-2018-q2-update.win32_1.5.0.202011040924/tools/bin/../lib/gcc/arm-none-eabi/7.3.1/../../../../arm-none-eabi/lib/thumb/v7e-m/fpv4-sp/hard/crt0.o (memset)
c:/st/stm32cubeide_1.1.0/stm32cubeide/plugins/com.st.stm32cube.ide.mcu.externaltools.gnu-tools-for-stm32.7-2018-q2-update.win32_1.5.0.202011040924/tools/bin/../lib/gcc/arm-none-eabi/7.3.1/../../../../arm-none-eabi/lib/thumb/v7e-m/fpv4-sp/hard\libc_nano.a(lib_a-printf.o)
                              Application/User/STM32_WPAN/App/app_ble.o (printf)
c:/st/stm32cubeide_1.1.0/stm32cubeide/plugins/com.st.stm32cube.ide.mcu.externaltools.gnu-tools-for-stm32.7-2018-q2-update.win32_1.5.0.202011040924/tools/bin/../lib/gcc/arm-none-eabi/7.3.1/../../../../arm-none-eabi/lib/thumb/v7e-m/fpv4-sp/hard\libc_nano.a(lib_a-puts.o)
                              Application/User/STM32_WPAN/App/app_ble.o (puts)
c:/st/stm32cubeide_1.1.0/stm32cubeide/plugins/com.st.stm32cube.ide.mcu.externaltools.gnu-tools-for-stm32.7-2018-q2-update.win32_1.5.0.202011040924/tools/bin/../lib/gcc/arm-none-eabi/7.3.1/../../../../arm-none-eabi/lib/thumb/v7e-m/fpv4-sp/hard\libc_nano.a(lib_a-strlen.o)
                              Application/User/STM32_WPAN/App/app_ble.o (strlen)
c:/st/stm32cubeide_1.1.0/stm32cubeide/plugins/com.st.stm32cube.ide.mcu.externaltools.gnu-tools-for-stm32.7-2018-q2-update.win32_1.5.0.202011040924/tools/bin/../lib/gcc/arm-none-eabi/7.3.1/../../../../arm-none-eabi/lib/thumb/v7e-m/fpv4-sp/hard\libc_nano.a(lib_a-strrchr.o)
                              Middlewares/STM32_WPAN/dbg_trace.o (strrchr)
[...]
Memory Configuration

Name             Origin             Length             Attributes
FLASH            0x0000000008000000 0x0000000000080000 xr
RAM1             0x0000000020000004 0x000000000002fffc xrw
RAM_SHARED       0x0000000020030000 0x0000000000002800 xrw
*default*        0x0000000000000000 0xffffffffffffffff

Linker script and memory map

LOAD c:/st/stm32cubeide_1.1.0/stm32cubeide/plugins/com.st.stm32cube.ide.mcu.externaltools.gnu-tools-for-stm32.7-2018-q2-update.win32_1.5.0.202011040924/tools/bin/../lib/gcc/arm-none-eabi/7.3.1/thumb/v7e-m/fpv4-sp/hard/crti.o
LOAD c:/st/stm32cubeide_1.1.0/stm32cubeide/plugins/com.st.stm32cube.ide.mcu.externaltools.gnu-tools-for-stm32.7-2018-q2-update.win32_1.5.0.202011040924/tools/bin/../lib/gcc/arm-none-eabi/7.3.1/thumb/v7e-m/fpv4-sp/hard/crtbegin.o
LOAD c:/st/stm32cubeide_1.1.0/stm32cubeide/plugins/com.st.stm32cube.ide.mcu.externaltools.gnu-tools-for-stm32.7-2018-q2-update.win32_1.5.0.202011040924/tools/bin/../lib/gcc/arm-none-eabi/7.3.1/../../../../arm-none-eabi/lib/thumb/v7e-m/fpv4-sp/hard/crt0.o
LOAD Application/User/Core/app_debug.o
LOAD Application/User/Core/app_entry.o
LOAD Application/User/Core/hw_timerserver.o
LOAD Application/User/Core/hw_uart.o
LOAD Application/User/Core/main.o
LOAD Application/User/Core/stm32_lpm_if.o
LOAD Application/User/Core/stm32wbxx_hal_msp.o
LOAD Application/User/Core/stm32wbxx_it.o
LOAD Application/User/Core/syscalls.o
LOAD Application/User/Core/sysmem.o
LOAD Application/User/STM32_WPAN/App/app_ble.o
LOAD Application/User/STM32_WPAN/App/p2p_server_app.o
LOAD Application/User/STM32_WPAN/Target/hw_ipcc.o
LOAD Application/User/Startup/startup_stm32wb55rgvx.o
LOAD Drivers/BSP/P-NUCLEO-WB55.Nucleo/stm32wbxx_nucleo.o
LOAD Drivers/CMSIS/system_stm32wbxx.o
LOAD Drivers/STM32WBxx_HAL_Driver/stm32wbxx_hal.o
LOAD Drivers/STM32WBxx_HAL_Driver/stm32wbxx_hal_cortex.o
LOAD Drivers/STM32WBxx_HAL_Driver/stm32wbxx_hal_dma.o
LOAD Drivers/STM32WBxx_HAL_Driver/stm32wbxx_hal_dma_ex.o
LOAD Drivers/STM32WBxx_HAL_Driver/stm32wbxx_hal_exti.o
LOAD Drivers/STM32WBxx_HAL_Driver/stm32wbxx_hal_flash.o
LOAD Drivers/STM32WBxx_HAL_Driver/stm32wbxx_hal_flash_ex.o
LOAD Drivers/STM32WBxx_HAL_Driver/stm32wbxx_hal_gpio.o
LOAD Drivers/STM32WBxx_HAL_Driver/stm32wbxx_hal_hsem.o
LOAD Drivers/STM32WBxx_HAL_Driver/stm32wbxx_hal_ipcc.o
LOAD Drivers/STM32WBxx_HAL_Driver/stm32wbxx_hal_pwr.o
LOAD Drivers/STM32WBxx_HAL_Driver/stm32wbxx_hal_pwr_ex.o
LOAD Drivers/STM32WBxx_HAL_Driver/stm32wbxx_hal_rcc.o
LOAD Drivers/STM32WBxx_HAL_Driver/stm32wbxx_hal_rcc_ex.o
LOAD Drivers/STM32WBxx_HAL_Driver/stm32wbxx_hal_rtc.o
LOAD Drivers/STM32WBxx_HAL_Driver/stm32wbxx_hal_rtc_ex.o
LOAD Drivers/STM32WBxx_HAL_Driver/stm32wbxx_hal_tim.o
LOAD Drivers/STM32WBxx_HAL_Driver/stm32wbxx_hal_tim_ex.o
LOAD Drivers/STM32WBxx_HAL_Driver/stm32wbxx_hal_uart.o
LOAD Drivers/STM32WBxx_HAL_Driver/stm32wbxx_hal_uart_ex.o
LOAD Middlewares/STM32_WPAN/ble_gap_aci.o
LOAD Middlewares/STM32_WPAN/ble_gatt_aci.o
LOAD Middlewares/STM32_WPAN/ble_hal_aci.o
LOAD Middlewares/STM32_WPAN/ble_hci_le.o
LOAD Middlewares/STM32_WPAN/ble_l2cap_aci.o
LOAD Middlewares/STM32_WPAN/dbg_trace.o
LOAD Middlewares/STM32_WPAN/hci_tl.o
LOAD Middlewares/STM32_WPAN/hci_tl_if.o
LOAD Middlewares/STM32_WPAN/osal.o
LOAD Middlewares/STM32_WPAN/otp.o
LOAD Middlewares/STM32_WPAN/p2p_stm.o
LOAD Middlewares/STM32_WPAN/shci.o
LOAD Middlewares/STM32_WPAN/shci_tl.o
LOAD Middlewares/STM32_WPAN/shci_tl_if.o
LOAD Middlewares/STM32_WPAN/stm_list.o
LOAD Middlewares/STM32_WPAN/stm_queue.o
LOAD Middlewares/STM32_WPAN/svc_ctl.o
LOAD Middlewares/STM32_WPAN/tl_mbox.o
LOAD Utilities/stm32_lpm.o
LOAD Utilities/stm32_seq.o
START GROUP
LOAD c:/st/stm32cubeide_1.1.0/stm32cubeide/plugins/com.st.stm32cube.ide.mcu.externaltools.gnu-tools-for-stm32.7-2018-q2-update.win32_1.5.0.202011040924/tools/bin/../lib/gcc/arm-none-eabi/7.3.1/../../../../arm-none-eabi/lib/thumb/v7e-m/fpv4-sp/hard\libc_nano.a
LOAD c:/st/stm32cubeide_1.1.0/stm32cubeide/plugins/com.st.stm32cube.ide.mcu.externaltools.gnu-tools-for-stm32.7-2018-q2-update.win32_1.5.0.202011040924/tools/bin/../lib/gcc/arm-none-eabi/7.3.1/../../../../arm-none-eabi/lib/thumb/v7e-m/fpv4-sp/hard\libm.a
END GROUP
START GROUP
LOAD c:/st/stm32cubeide_1.1.0/stm32cubeide/plugins/com.st.stm32cube.ide.mcu.externaltools.gnu-tools-for-stm32.7-2018-q2-update.win32_1.5.0.202011040924/tools/bin/../lib/gcc/arm-none-eabi/7.3.1/thumb/v7e-m/fpv4-sp/hard\libgcc.a
LOAD c:/st/stm32cubeide_1.1.0/stm32cubeide/plugins/com.st.stm32cube.ide.mcu.externaltools.gnu-tools-for-stm32.7-2018-q2-update.win32_1.5.0.202011040924/tools/bin/../lib/gcc/arm-none-eabi/7.3.1/../../../../arm-none-eabi/lib/thumb/v7e-m/fpv4-sp/hard\libc_nano.a
END GROUP
START GROUP
LOAD c:/st/stm32cubeide_1.1.0/stm32cubeide/plugins/com.st.stm32cube.ide.mcu.externaltools.gnu-tools-for-stm32.7-2018-q2-update.win32_1.5.0.202011040924/tools/bin/../lib/gcc/arm-none-eabi/7.3.1/thumb/v7e-m/fpv4-sp/hard\libgcc.a
LOAD c:/st/stm32cubeide_1.1.0/stm32cubeide/plugins/com.st.stm32cube.ide.mcu.externaltools.gnu-tools-for-stm32.7-2018-q2-update.win32_1.5.0.202011040924/tools/bin/../lib/gcc/arm-none-eabi/7.3.1/../../../../arm-none-eabi/lib/thumb/v7e-m/fpv4-sp/hard\libc_nano.a
LOAD c:/st/stm32cubeide_1.1.0/stm32cubeide/plugins/com.st.stm32cube.ide.mcu.externaltools.gnu-tools-for-stm32.7-2018-q2-update.win32_1.5.0.202011040924/tools/bin/../lib/gcc/arm-none-eabi/7.3.1/../../../../arm-none-eabi/lib/thumb/v7e-m/fpv4-sp/hard\libnosys.a
END GROUP
START GROUP
LOAD c:/st/stm32cubeide_1.1.0/stm32cubeide/plugins/com.st.stm32cube.ide.mcu.externaltools.gnu-tools-for-stm32.7-2018-q2-update.win32_1.5.0.202011040924/tools/bin/../lib/gcc/arm-none-eabi/7.3.1/thumb/v7e-m/fpv4-sp/hard\libgcc.a
LOAD c:/st/stm32cubeide_1.1.0/stm32cubeide/plugins/com.st.stm32cube.ide.mcu.externaltools.gnu-tools-for-stm32.7-2018-q2-update.win32_1.5.0.202011040924/tools/bin/../lib/gcc/arm-none-eabi/7.3.1/../../../../arm-none-eabi/lib/thumb/v7e-m/fpv4-sp/hard\libc_nano.a
LOAD c:/st/stm32cubeide_1.1.0/stm32cubeide/plugins/com.st.stm32cube.ide.mcu.externaltools.gnu-tools-for-stm32.7-2018-q2-update.win32_1.5.0.202011040924/tools/bin/../lib/gcc/arm-none-eabi/7.3.1/../../../../arm-none-eabi/lib/thumb/v7e-m/fpv4-sp/hard\libnosys.a
END GROUP
LOAD c:/st/stm32cubeide_1.1.0/stm32cubeide/plugins/com.st.stm32cube.ide.mcu.externaltools.gnu-tools-for-stm32.7-2018-q2-update.win32_1.5.0.202011040924/tools/bin/../lib/gcc/arm-none-eabi/7.3.1/thumb/v7e-m/fpv4-sp/hard/crtend.o
LOAD c:/st/stm32cubeide_1.1.0/stm32cubeide/plugins/com.st.stm32cube.ide.mcu.externaltools.gnu-tools-for-stm32.7-2018-q2-update.win32_1.5.0.202011040924/tools/bin/../lib/gcc/arm-none-eabi/7.3.1/thumb/v7e-m/fpv4-sp/hard/crtn.o
                0x0000000020030000                _estack = 0x20030000
                0x0000000000000400                _Min_Heap_Size = 0x400
                0x0000000000001000                _Min_Stack_Size = 0x1000

.isr_vector     0x0000000008000000      0x13c
                0x0000000008000000                . = ALIGN (0x4)
 *(.isr_vector)
 .isr_vector    0x0000000008000000      0x13c Application/User/Startup/startup_stm32wb55rgvx.o
                0x0000000008000000                g_pfnVectors
                0x000000000800013c                . = ALIGN (0x4)

.text           0x0000000008000140     0xb31c
                0x0000000008000140                . = ALIGN (0x4)
 *(.text)
 .text          0x0000000008000140       0x40 c:/st/stm32cubeide_1.1.0/stm32cubeide/plugins/com.st.stm32cube.ide.mcu.externaltools.gnu-tools-for-stm32.7-2018-q2-update.win32_1.5.0.202011040924/tools/bin/../lib/gcc/arm-none-eabi/7.3.1/thumb/v7e-m/fpv4-sp/hard/crtbegin.o
 .text          0x0000000008000180       0x10 c:/st/stm32cubeide_1.1.0/stm32cubeide/plugins/com.st.stm32cube.ide.mcu.externaltools.gnu-tools-for-stm32.7-2018-q2-update.win32_1.5.0.202011040924/tools/bin/../lib/gcc/arm-none-eabi/7.3.1/../../../../arm-none-eabi/lib/thumb/v7e-m/fpv4-sp/hard\libc_nano.a(lib_a-strlen.o)
                0x0000000008000180                strlen
 .text          0x0000000008000190       0xa0 c:/st/stm32cubeide_1.1.0/stm32cubeide/plugins/com.st.stm32cube.ide.mcu.externaltools.gnu-tools-for-stm32.7-2018-q2-update.win32_1.5.0.202011040924/tools/bin/../lib/gcc/arm-none-eabi/7.3.1/../../../../arm-none-eabi/lib/thumb/v7e-m/fpv4-sp/hard\libc_nano.a(lib_a-memchr.o)
                0x0000000008000190                memchr
 .text          0x0000000008000230       0x30 c:/st/stm32cubeide_1.1.0/stm32cubeide/plugins/com.st.stm32cube.ide.mcu.externaltools.gnu-tools-for-stm32.7-2018-q2-update.win32_1.5.0.202011040924/tools/bin/../lib/gcc/arm-none-eabi/7.3.1/thumb/v7e-m/fpv4-sp/hard\libgcc.a(_aeabi_uldivmod.o)
                0x0000000008000230                __aeabi_uldivmod
 .text          0x0000000008000260      0x2cc c:/st/stm32cubeide_1.1.0/stm32cubeide/plugins/com.st.stm32cube.ide.mcu.externaltools.gnu-tools-for-stm32.7-2018-q2-update.win32_1.5.0.202011040924/tools/bin/../lib/gcc/arm-none-eabi/7.3.1/thumb/v7e-m/fpv4-sp/hard\libgcc.a(_udivmoddi4.o)
                0x0000000008000260                __udivmoddi4
 .text          0x000000000800052c        0x4 c:/st/stm32cubeide_1.1.0/stm32cubeide/plugins/com.st.stm32cube.ide.mcu.externaltools.gnu-tools-for-stm32.7-2018-q2-update.win32_1.5.0.202011040924/tools/bin/../lib/gcc/arm-none-eabi/7.3.1/thumb/v7e-m/fpv4-sp/hard\libgcc.a(_dvmd_tls.o)
                0x000000000800052c                __aeabi_idiv0
                0x000000000800052c                __aeabi_ldiv0
 *(.text*)
 .text.LL_EXTI_EnableIT_32_63
                0x0000000008000530       0x28 Application/User/Core/app_debug.o
 .text.LL_AHB2_GRP1_EnableClock
                0x0000000008000558       0x32 Application/User/Core/app_debug.o
 .text.LL_C2_AHB2_GRP1_EnableClock
                0x000000000800058a       0x38 Application/User/Core/app_debug.o
 .text.APPD_Init
                0x00000000080005c2       0x24 Application/User/Core/app_debug.o
                0x00000000080005c2                APPD_Init
 *fill*         0x00000000080005e6        0x2 
 .text.APPD_EnableCPU2
                0x00000000080005e8       0x38 Application/User/Core/app_debug.o
                0x00000000080005e8                APPD_EnableCPU2
 .text.APPD_SetCPU2GpioConfig
                0x0000000008000620      0x140 Application/User/Core/app_debug.o
 .text.APPD_BleDtbCfg
                0x0000000008000760        0xe Application/User/Core/app_debug.o
 .text.DbgOutputInit
                0x000000000800076e        0xc Application/User/Core/app_debug.o
                0x000000000800076e                DbgOutputInit
 .text.DbgOutputTraces
                0x000000000800077a       0x22 Application/User/Core/app_debug.o
                0x000000000800077a                DbgOutputTraces
 .text.LL_C2_PWR_SetPowerMode
                0x000000000800079c       0x2c Application/User/Core/app_entry.o
 .text.LL_RCC_SetClkAfterWakeFromStop
                0x00000000080007c8       0x28 Application/User/Core/app_entry.o
 .text.APPE_Init
                0x00000000080007f0       0x30 Application/User/Core/app_entry.o
                0x00000000080007f0                APPE_Init
 .text.SystemPower_Config
                0x0000000008000820       0x1a Application/User/Core/app_entry.o
 *fill*         0x000000000800083a        0x2 
 .text.appe_Tl_Init
                0x000000000800083c       0x6c Application/User/Core/app_entry.o
 .text.APPE_SysStatusNot
                0x00000000080008a8       0x16 Application/User/Core/app_entry.o
 .text.APPE_SysUserEvtRx
                0x00000000080008be       0x20 Application/User/Core/app_entry.o
 .text.Led_Init
                0x00000000080008de       0x20 Application/User/Core/app_entry.o
 .text.Button_Init
                0x00000000080008fe       0x18 Application/User/Core/app_entry.o
 .text.UTIL_SEQ_Idle
                0x0000000008000916        0xe Application/User/Core/app_entry.o
                0x0000000008000916                UTIL_SEQ_Idle
 .text.UTIL_SEQ_EvtIdle
                0x0000000008000924       0x1a Application/User/Core/app_entry.o
                0x0000000008000924                UTIL_SEQ_EvtIdle
 .text.shci_notify_asynch_evt
                0x000000000800093e       0x18 Application/User/Core/app_entry.o
                0x000000000800093e                shci_notify_asynch_evt
 .text.shci_cmd_resp_release
                0x0000000008000956       0x16 Application/User/Core/app_entry.o
                0x0000000008000956                shci_cmd_resp_release
 .text.shci_cmd_resp_wait
                0x000000000800096c       0x16 Application/User/Core/app_entry.o
                0x000000000800096c                shci_cmd_resp_wait
 .text.HAL_GPIO_EXTI_Callback
                0x0000000008000982       0x34 Application/User/Core/app_entry.o
                0x0000000008000982                HAL_GPIO_EXTI_Callback
 *fill*         0x00000000080009b6        0x2 
 .text.LL_EXTI_EnableIT_0_31
                0x00000000080009b8       0x28 Application/User/Core/hw_timerserver.o
 .text.LL_EXTI_EnableRisingTrig_0_31
                0x00000000080009e0       0x24 Application/User/Core/hw_timerserver.o
 .text.ReadRtcSsrValue
                0x0000000008000a04       0x40 Application/User/Core/hw_timerserver.o
 .text.LinkTimerAfter
                0x0000000008000a44       0x8c Application/User/Core/hw_timerserver.o
 .text.LinkTimerBefore
                0x0000000008000ad0       0xc0 Application/User/Core/hw_timerserver.o
 .text.linkTimer
                0x0000000008000b90      0x154 Application/User/Core/hw_timerserver.o
 .text.UnlinkTimer
                0x0000000008000ce4      0x108 Application/User/Core/hw_timerserver.o
 .text.ReturnTimeElapsed
                0x0000000008000dec       0x80 Application/User/Core/hw_timerserver.o
 .text.RestartWakeupCounter
                0x0000000008000e6c       0xbc Application/User/Core/hw_timerserver.o
 .text.RescheduleTimerList
                0x0000000008000f28      0x13c Application/User/Core/hw_timerserver.o
 .text.HW_TS_RTC_Wakeup_Handler
                0x0000000008001064      0x1a0 Application/User/Core/hw_timerserver.o
                0x0000000008001064                HW_TS_RTC_Wakeup_Handler
 .text.HW_TS_Init
                0x0000000008001204      0x1cc Application/User/Core/hw_timerserver.o
                0x0000000008001204                HW_TS_Init
 .text.HW_TS_Create
                0x00000000080013d0       0xec Application/User/Core/hw_timerserver.o
                0x00000000080013d0                HW_TS_Create
 .text.HW_TS_Stop
                0x00000000080014bc      0x114 Application/User/Core/hw_timerserver.o
                0x00000000080014bc                HW_TS_Stop
 .text.HW_TS_Start
                0x00000000080015d0      0x10c Application/User/Core/hw_timerserver.o
                0x00000000080015d0                HW_TS_Start
 .text.HW_TS_RTC_Int_AppNot
                0x00000000080016dc       0x1a Application/User/Core/hw_timerserver.o
                0x00000000080016dc                HW_TS_RTC_Int_AppNot
 *fill*         0x00000000080016f6        0x2 
 .text.HW_UART_Transmit_DMA
                0x00000000080016f8       0xbc Application/User/Core/hw_uart.o
                0x00000000080016f8                HW_UART_Transmit_DMA
 .text.HAL_UART_TxCpltCallback
                0x00000000080017b4       0x58 Application/User/Core/hw_uart.o
                0x00000000080017b4                HAL_UART_TxCpltCallback
 .text.LL_EXTI_DisableIT_0_31
                0x000000000800180c       0x2c Application/User/Core/main.o
 .text.LL_EXTI_DisableIT_32_63
                0x0000000008001838       0x2c Application/User/Core/main.o
 .text.LL_RCC_HSE_SetCapacitorTuning
                0x0000000008001864       0x3c Application/User/Core/main.o
 .text.LL_RCC_LSE_SetDriveCapability
                0x00000000080018a0       0x2c Application/User/Core/main.o
 .text.LL_RCC_ForceBackupDomainReset
                0x00000000080018cc       0x22 Application/User/Core/main.o
 .text.LL_RCC_ReleaseBackupDomainReset
                0x00000000080018ee       0x22 Application/User/Core/main.o
 .text.LL_RCC_IsActiveFlag_PINRST
                0x0000000008001910       0x26 Application/User/Core/main.o
 .text.LL_RCC_IsActiveFlag_SFTRST
                0x0000000008001936       0x26 Application/User/Core/main.o
 .text.LL_AHB1_GRP1_EnableClock
                0x000000000800195c       0x32 Application/User/Core/main.o
 .text.LL_AHB2_GRP1_EnableClock
                0x000000000800198e       0x32 Application/User/Core/main.o
 .text.LL_AHB3_GRP1_EnableClock
                0x00000000080019c0       0x32 Application/User/Core/main.o
 .text.LL_C1_IPCC_DisableTransmitChannel
                0x00000000080019f2       0x24 Application/User/Core/main.o
 .text.LL_C1_IPCC_DisableReceiveChannel
                0x0000000008001a16       0x22 Application/User/Core/main.o
 .text.LL_C2_IPCC_DisableTransmitChannel
                0x0000000008001a38       0x24 Application/User/Core/main.o
 .text.LL_C2_IPCC_DisableReceiveChannel
                0x0000000008001a5c       0x22 Application/User/Core/main.o
 .text.LL_C1_IPCC_ClearFlag_CHx
                0x0000000008001a7e       0x1c Application/User/Core/main.o
 .text.LL_C2_IPCC_ClearFlag_CHx
                0x0000000008001a9a       0x1c Application/User/Core/main.o
 *fill*         0x0000000008001ab6        0x2 
 .text.LL_LPM_EnableSleep
                0x0000000008001ab8       0x20 Application/User/Core/main.o
 .text.LL_RTC_EnableWriteProtection
                0x0000000008001ad8       0x1a Application/User/Core/main.o
 .text.LL_RTC_DisableWriteProtection
                0x0000000008001af2       0x20 Application/User/Core/main.o
 .text.LL_RTC_WAKEUP_SetClock
                0x0000000008001b12       0x26 Application/User/Core/main.o
 .text.main     0x0000000008001b38       0x48 Application/User/Core/main.o
                0x0000000008001b38                main
 .text.SystemClock_Config
                0x0000000008001b80      0x100 Application/User/Core/main.o
                0x0000000008001b80                SystemClock_Config
 .text.MX_USART1_UART_Init
                0x0000000008001c80       0x9c Application/User/Core/main.o
                0x0000000008001c80                MX_USART1_UART_Init
 .text.MX_RF_Init
                0x0000000008001d1c        0xe Application/User/Core/main.o
 *fill*         0x0000000008001d2a        0x2 
 .text.MX_RTC_Init
                0x0000000008001d2c       0x68 Application/User/Core/main.o
 .text.MX_DMA_Init
                0x0000000008001d94       0x3a Application/User/Core/main.o
 .text.MX_GPIO_Init
                0x0000000008001dce       0x1a Application/User/Core/main.o
 .text.PeriphClock_Config
                0x0000000008001de8        0xe Application/User/Core/main.o
                0x0000000008001de8                PeriphClock_Config
 .text.Config_HSE
                0x0000000008001df6       0x28 Application/User/Core/main.o
 .text.Reset_Device
                0x0000000008001e1e       0x10 Application/User/Core/main.o
 *fill*         0x0000000008001e2e        0x2 
 .text.Reset_IPCC
                0x0000000008001e30       0x44 Application/User/Core/main.o
 .text.Reset_BackupDomain
                0x0000000008001e74       0x2e Application/User/Core/main.o
 .text.Init_Exti
                0x0000000008001ea2       0x18 Application/User/Core/main.o
 .text.HAL_Delay
                0x0000000008001eba       0x48 Application/User/Core/main.o
                0x0000000008001eba                HAL_Delay
 .text.Error_Handler
                0x0000000008001f02        0xe Application/User/Core/main.o
                0x0000000008001f02                Error_Handler
 .text.LL_RCC_SetRTCClockSource
                0x0000000008001f10       0x2c Application/User/Core/stm32wbxx_hal_msp.o
 .text.LL_RCC_EnableRTC
                0x0000000008001f3c       0x22 Application/User/Core/stm32wbxx_hal_msp.o
 .text.LL_AHB2_GRP1_EnableClock
                0x0000000008001f5e       0x32 Application/User/Core/stm32wbxx_hal_msp.o
 .text.LL_AHB3_GRP1_EnableClock
                0x0000000008001f90       0x32 Application/User/Core/stm32wbxx_hal_msp.o
 .text.LL_APB1_GRP1_EnableClock
                0x0000000008001fc2       0x32 Application/User/Core/stm32wbxx_hal_msp.o
 .text.LL_APB1_GRP2_EnableClock
                0x0000000008001ff4       0x32 Application/User/Core/stm32wbxx_hal_msp.o
 .text.LL_APB2_GRP1_EnableClock
                0x0000000008002026       0x32 Application/User/Core/stm32wbxx_hal_msp.o
 .text.HAL_MspInit
                0x0000000008002058       0x20 Application/User/Core/stm32wbxx_hal_msp.o
                0x0000000008002058                HAL_MspInit
 .text.HAL_UART_MspInit
                0x0000000008002078      0x1ec Application/User/Core/stm32wbxx_hal_msp.o
                0x0000000008002078                HAL_UART_MspInit
 .text.HAL_RTC_MspInit
                0x0000000008002264       0x40 Application/User/Core/stm32wbxx_hal_msp.o
                0x0000000008002264                HAL_RTC_MspInit
 .text.NMI_Handler
                0x00000000080022a4        0xe Application/User/Core/stm32wbxx_it.o
                0x00000000080022a4                NMI_Handler
 .text.HardFault_Handler
                0x00000000080022b2        0x6 Application/User/Core/stm32wbxx_it.o
                0x00000000080022b2                HardFault_Handler
 .text.MemManage_Handler
                0x00000000080022b8        0x6 Application/User/Core/stm32wbxx_it.o
                0x00000000080022b8                MemManage_Handler
 .text.BusFault_Handler
                0x00000000080022be        0x6 Application/User/Core/stm32wbxx_it.o
                0x00000000080022be                BusFault_Handler
 .text.UsageFault_Handler
                0x00000000080022c4        0x6 Application/User/Core/stm32wbxx_it.o
                0x00000000080022c4                UsageFault_Handler
 .text.SVC_Handler
                0x00000000080022ca        0xe Application/User/Core/stm32wbxx_it.o
                0x00000000080022ca                SVC_Handler
 .text.DebugMon_Handler
                0x00000000080022d8        0xe Application/User/Core/stm32wbxx_it.o
                0x00000000080022d8                DebugMon_Handler
 .text.PendSV_Handler
                0x00000000080022e6        0xe Application/User/Core/stm32wbxx_it.o
                0x00000000080022e6                PendSV_Handler
 .text.SysTick_Handler
                0x00000000080022f4        0xc Application/User/Core/stm32wbxx_it.o
                0x00000000080022f4                SysTick_Handler
 .text.DMA1_Channel4_IRQHandler
                0x0000000008002300       0x14 Application/User/Core/stm32wbxx_it.o
                0x0000000008002300                DMA1_Channel4_IRQHandler
 .text.USART1_IRQHandler
                0x0000000008002314       0x14 Application/User/Core/stm32wbxx_it.o
                0x0000000008002314                USART1_IRQHandler
 .text.LPUART1_IRQHandler
                0x0000000008002328       0x14 Application/User/Core/stm32wbxx_it.o
                0x0000000008002328                LPUART1_IRQHandler
 .text.HSEM_IRQHandler
                0x000000000800233c        0xc Application/User/Core/stm32wbxx_it.o
                0x000000000800233c                HSEM_IRQHandler
 .text.DMA2_Channel4_IRQHandler
                0x0000000008002348       0x14 Application/User/Core/stm32wbxx_it.o
                0x0000000008002348                DMA2_Channel4_IRQHandler
 .text.EXTI4_IRQHandler
                0x000000000800235c        0xe Application/User/Core/stm32wbxx_it.o
                0x000000000800235c                EXTI4_IRQHandler
 .text.EXTI0_IRQHandler
                0x000000000800236a        0xe Application/User/Core/stm32wbxx_it.o
                0x000000000800236a                EXTI0_IRQHandler
 .text.RTC_WKUP_IRQHandler
                0x0000000008002378        0xc Application/User/Core/stm32wbxx_it.o
                0x0000000008002378                RTC_WKUP_IRQHandler
 .text.IPCC_C1_TX_IRQHandler
                0x0000000008002384        0xc Application/User/Core/stm32wbxx_it.o
                0x0000000008002384                IPCC_C1_TX_IRQHandler
 .text.IPCC_C1_RX_IRQHandler
                0x0000000008002390        0xc Application/User/Core/stm32wbxx_it.o
                0x0000000008002390                IPCC_C1_RX_IRQHandler
 .text._read    0x000000000800239c       0x3a Application/User/Core/syscalls.o
                0x000000000800239c                _read
 .text._close   0x00000000080023d6       0x18 Application/User/Core/syscalls.o
                0x00000000080023d6                _close
 .text._fstat   0x00000000080023ee       0x20 Application/User/Core/syscalls.o
                0x00000000080023ee                _fstat
 .text._isatty  0x000000000800240e       0x16 Application/User/Core/syscalls.o
                0x000000000800240e                _isatty
 .text._lseek   0x0000000008002424       0x1a Application/User/Core/syscalls.o
                0x0000000008002424                _lseek
 *fill*         0x000000000800243e        0x2 
 .text._sbrk    0x0000000008002440       0x6c Application/User/Core/sysmem.o
                0x0000000008002440                _sbrk
 .text.LL_FLASH_GetUDN
                0x00000000080024ac       0x18 Application/User/STM32_WPAN/App/app_ble.o
 .text.LL_FLASH_GetDeviceID
                0x00000000080024c4       0x18 Application/User/STM32_WPAN/App/app_ble.o
 .text.LL_FLASH_GetSTCompanyID
                0x00000000080024dc       0x18 Application/User/STM32_WPAN/App/app_ble.o
 .text.APP_BLE_Init
                0x00000000080024f4       0xf8 Application/User/STM32_WPAN/App/app_ble.o
                0x00000000080024f4                APP_BLE_Init
 .text.SVCCTL_App_Notification
                0x00000000080025ec      0x358 Application/User/STM32_WPAN/App/app_ble.o
                0x00000000080025ec                SVCCTL_App_Notification
 .text.APP_BLE_Key_Button1_Action
                0x0000000008002944        0xc Application/User/STM32_WPAN/App/app_ble.o
                0x0000000008002944                APP_BLE_Key_Button1_Action
 .text.APP_BLE_Key_Button2_Action
                0x0000000008002950       0x10 Application/User/STM32_WPAN/App/app_ble.o
                0x0000000008002950                APP_BLE_Key_Button2_Action
 .text.APP_BLE_Key_Button3_Action
                0x0000000008002960        0xe Application/User/STM32_WPAN/App/app_ble.o
                0x0000000008002960                APP_BLE_Key_Button3_Action
 *fill*         0x000000000800296e        0x2 
 .text.Ble_Tl_Init
                0x0000000008002970       0x2c Application/User/STM32_WPAN/App/app_ble.o
 .text.Ble_Hci_Gap_Gatt_Init
                0x000000000800299c      0x184 Application/User/STM32_WPAN/App/app_ble.o
 .text.Adv_Request
                0x0000000008002b20      0x14c Application/User/STM32_WPAN/App/app_ble.o
 .text.BleGetBdAddress
                0x0000000008002c6c       0x88 Application/User/STM32_WPAN/App/app_ble.o
 .text.Adv_Cancel
                0x0000000008002cf4       0x60 Application/User/STM32_WPAN/App/app_ble.o
 .text.Adv_Cancel_Req
                0x0000000008002d54       0x10 Application/User/STM32_WPAN/App/app_ble.o
 .text.Switch_OFF_GPIO
                0x0000000008002d64        0xe Application/User/STM32_WPAN/App/app_ble.o
 *fill*         0x0000000008002d72        0x2 
 .text.BLE_SVC_L2CAP_Conn_Update
                0x0000000008002d74       0xc8 Application/User/STM32_WPAN/App/app_ble.o
 .text.Connection_Interval_Update_Req
                0x0000000008002e3c       0x2c Application/User/STM32_WPAN/App/app_ble.o
 .text.hci_notify_asynch_evt
                0x0000000008002e68       0x18 Application/User/STM32_WPAN/App/app_ble.o
                0x0000000008002e68                hci_notify_asynch_evt
 .text.hci_cmd_resp_release
                0x0000000008002e80       0x16 Application/User/STM32_WPAN/App/app_ble.o
                0x0000000008002e80                hci_cmd_resp_release
 .text.hci_cmd_resp_wait
                0x0000000008002e96       0x16 Application/User/STM32_WPAN/App/app_ble.o
                0x0000000008002e96                hci_cmd_resp_wait
 .text.BLE_UserEvtRx
                0x0000000008002eac       0x38 Application/User/STM32_WPAN/App/app_ble.o
 .text.BLE_StatusNot
                0x0000000008002ee4       0x36 Application/User/STM32_WPAN/App/app_ble.o
 *fill*         0x0000000008002f1a        0x2 
 .text.P2PS_STM_App_Notification
                0x0000000008002f1c      0x110 Application/User/STM32_WPAN/App/p2p_server_app.o
                0x0000000008002f1c                P2PS_STM_App_Notification
 .text.P2PS_APP_Notification
                0x000000000800302c       0x26 Application/User/STM32_WPAN/App/p2p_server_app.o
                0x000000000800302c                P2PS_APP_Notification
 *fill*         0x0000000008003052        0x2 
 .text.P2PS_APP_Init
                0x0000000008003054       0x24 Application/User/STM32_WPAN/App/p2p_server_app.o
                0x0000000008003054                P2PS_APP_Init
 .text.P2PS_APP_LED_BUTTON_context_Init
                0x0000000008003078       0x2c Application/User/STM32_WPAN/App/p2p_server_app.o
 .text.P2PS_APP_SW1_Button_Action
                0x00000000080030a4       0x10 Application/User/STM32_WPAN/App/p2p_server_app.o
                0x00000000080030a4                P2PS_APP_SW1_Button_Action
 .text.P2PS_Send_Notification
                0x00000000080030b4       0x58 Application/User/STM32_WPAN/App/p2p_server_app.o
 .text.LL_PWR_EnableBootC2
                0x000000000800310c       0x20 Application/User/STM32_WPAN/Target/hw_ipcc.o
 .text.LL_C2_EXTI_EnableEvent_32_63
                0x000000000800312c       0x28 Application/User/STM32_WPAN/Target/hw_ipcc.o
 .text.LL_EXTI_EnableRisingTrig_32_63
                0x0000000008003154       0x24 Application/User/STM32_WPAN/Target/hw_ipcc.o
 .text.LL_AHB3_GRP1_EnableClock
                0x0000000008003178       0x32 Application/User/STM32_WPAN/Target/hw_ipcc.o
 .text.LL_C2_AHB3_GRP1_EnableClock
                0x00000000080031aa       0x38 Application/User/STM32_WPAN/Target/hw_ipcc.o
 .text.LL_C1_IPCC_EnableIT_TXF
                0x00000000080031e2       0x20 Application/User/STM32_WPAN/Target/hw_ipcc.o
 .text.LL_C1_IPCC_EnableIT_RXO
                0x0000000008003202       0x20 Application/User/STM32_WPAN/Target/hw_ipcc.o
 .text.LL_C1_IPCC_EnableTransmitChannel
                0x0000000008003222       0x26 Application/User/STM32_WPAN/Target/hw_ipcc.o
 .text.LL_C1_IPCC_DisableTransmitChannel
                0x0000000008003248       0x24 Application/User/STM32_WPAN/Target/hw_ipcc.o
 .text.LL_C1_IPCC_EnableReceiveChannel
                0x000000000800326c       0x24 Application/User/STM32_WPAN/Target/hw_ipcc.o
 .text.LL_C1_IPCC_ClearFlag_CHx
                0x0000000008003290       0x1c Application/User/STM32_WPAN/Target/hw_ipcc.o
 .text.LL_C1_IPCC_SetFlag_CHx
                0x00000000080032ac       0x1e Application/User/STM32_WPAN/Target/hw_ipcc.o
 .text.LL_C1_IPCC_IsActiveFlag_CHx
                0x00000000080032ca       0x2a Application/User/STM32_WPAN/Target/hw_ipcc.o
 .text.LL_C2_IPCC_IsActiveFlag_CHx
                0x00000000080032f4       0x2a Application/User/STM32_WPAN/Target/hw_ipcc.o
 *fill*         0x000000000800331e        0x2 
 .text.HW_IPCC_Rx_Handler
                0x0000000008003320       0x70 Application/User/STM32_WPAN/Target/hw_ipcc.o
                0x0000000008003320                HW_IPCC_Rx_Handler
 .text.HW_IPCC_Tx_Handler
                0x0000000008003390       0x94 Application/User/STM32_WPAN/Target/hw_ipcc.o
                0x0000000008003390                HW_IPCC_Tx_Handler
 .text.HW_IPCC_Enable
                0x0000000008003424       0x28 Application/User/STM32_WPAN/Target/hw_ipcc.o
                0x0000000008003424                HW_IPCC_Enable
 .text.HW_IPCC_Init
                0x000000000800344c       0x2c Application/User/STM32_WPAN/Target/hw_ipcc.o
                0x000000000800344c                HW_IPCC_Init
 .text.HW_IPCC_BLE_Init
                0x0000000008003478       0x14 Application/User/STM32_WPAN/Target/hw_ipcc.o
                0x0000000008003478                HW_IPCC_BLE_Init
 .text.HW_IPCC_BLE_SendCmd
                0x000000000800348c       0x14 Application/User/STM32_WPAN/Target/hw_ipcc.o
                0x000000000800348c                HW_IPCC_BLE_SendCmd
 .text.HW_IPCC_BLE_EvtHandler
                0x00000000080034a0       0x18 Application/User/STM32_WPAN/Target/hw_ipcc.o
 .text.HW_IPCC_BLE_AclDataEvtHandler
                0x00000000080034b8       0x18 Application/User/STM32_WPAN/Target/hw_ipcc.o
 .text.HW_IPCC_SYS_Init
                0x00000000080034d0       0x14 Application/User/STM32_WPAN/Target/hw_ipcc.o
                0x00000000080034d0                HW_IPCC_SYS_Init
 .text.HW_IPCC_SYS_SendCmd
                0x00000000080034e4       0x1c Application/User/STM32_WPAN/Target/hw_ipcc.o
                0x00000000080034e4                HW_IPCC_SYS_SendCmd
 .text.HW_IPCC_SYS_CmdEvtHandler
                0x0000000008003500       0x18 Application/User/STM32_WPAN/Target/hw_ipcc.o
 .text.HW_IPCC_SYS_EvtHandler
                0x0000000008003518       0x18 Application/User/STM32_WPAN/Target/hw_ipcc.o
 .text.HW_IPCC_MM_SendFreeBuf
                0x0000000008003530       0x44 Application/User/STM32_WPAN/Target/hw_ipcc.o
                0x0000000008003530                HW_IPCC_MM_SendFreeBuf
 .text.HW_IPCC_MM_FreeBufHandler
                0x0000000008003574       0x28 Application/User/STM32_WPAN/Target/hw_ipcc.o
 .text.HW_IPCC_TRACES_Init
                0x000000000800359c       0x14 Application/User/STM32_WPAN/Target/hw_ipcc.o
                0x000000000800359c                HW_IPCC_TRACES_Init
 .text.HW_IPCC_TRACES_EvtHandler
                0x00000000080035b0       0x18 Application/User/STM32_WPAN/Target/hw_ipcc.o
 .text.data_initializers
                0x00000000080035c8       0x18 Application/User/Startup/startup_stm32wb55rgvx.o
 .text.Reset_Handler
                0x00000000080035e0       0x54 Application/User/Startup/startup_stm32wb55rgvx.o
                0x00000000080035e0                Reset_Handler
 .text.Default_Handler
                0x0000000008003634        0x2 Application/User/Startup/startup_stm32wb55rgvx.o
                0x0000000008003634                RTC_Alarm_IRQHandler
                0x0000000008003634                EXTI2_IRQHandler
                0x0000000008003634                TIM1_CC_IRQHandler
                0x0000000008003634                TSC_IRQHandler
                0x0000000008003634                USB_HP_IRQHandler
                0x0000000008003634                EXTI3_IRQHandler
                0x0000000008003634                LPTIM2_IRQHandler
                0x0000000008003634                I2C3_ER_IRQHandler
                0x0000000008003634                FPU_IRQHandler
                0x0000000008003634                TIM1_UP_TIM16_IRQHandler
                0x0000000008003634                AES1_IRQHandler
                0x0000000008003634                SPI1_IRQHandler
                0x0000000008003634                PWR_SOTF_BLEACT_802ACT_RFPHASE_IRQHandler
                0x0000000008003634                DMA2_Channel2_IRQHandler
                0x0000000008003634                ADC1_IRQHandler
                0x0000000008003634                PKA_IRQHandler
                0x0000000008003634                DMA1_Channel7_IRQHandler
                0x0000000008003634                LCD_IRQHandler
                0x0000000008003634                DMA2_Channel1_IRQHandler
                0x0000000008003634                QUADSPI_IRQHandler
                0x0000000008003634                I2C1_EV_IRQHandler
                0x0000000008003634                DMAMUX1_OVR_IRQHandler
                0x0000000008003634                DMA1_Channel6_IRQHandler
                0x0000000008003634                RCC_IRQHandler
                0x0000000008003634                DMA1_Channel1_IRQHandler
                0x0000000008003634                Default_Handler
                0x0000000008003634                DMA2_Channel7_IRQHandler
                0x0000000008003634                EXTI15_10_IRQHandler
                0x0000000008003634                C2SEV_PWR_C2H_IRQHandler
                0x0000000008003634                AES2_IRQHandler
                0x0000000008003634                I2C3_EV_IRQHandler
                0x0000000008003634                EXTI9_5_IRQHandler
                0x0000000008003634                PVD_PVM_IRQHandler
                0x0000000008003634                SPI2_IRQHandler
                0x0000000008003634                DMA2_Channel5_IRQHandler
                0x0000000008003634                CRS_IRQHandler
                0x0000000008003634                DMA1_Channel5_IRQHandler
                0x0000000008003634                USB_LP_IRQHandler
                0x0000000008003634                RNG_IRQHandler
                0x0000000008003634                TIM1_TRG_COM_TIM17_IRQHandler
                0x0000000008003634                TAMP_STAMP_LSECSS_IRQHandler
                0x0000000008003634                DMA1_Channel3_IRQHandler
                0x0000000008003634                COMP_IRQHandler
                0x0000000008003634                WWDG_IRQHandler
                0x0000000008003634                DMA2_Channel6_IRQHandler
                0x0000000008003634                TIM2_IRQHandler
                0x0000000008003634                TIM1_BRK_IRQHandler
                0x0000000008003634                EXTI1_IRQHandler
                0x0000000008003634                DMA1_Channel2_IRQHandler
                0x0000000008003634                FLASH_IRQHandler
                0x0000000008003634                I2C1_ER_IRQHandler
                0x0000000008003634                LPTIM1_IRQHandler
                0x0000000008003634                SAI1_IRQHandler
                0x0000000008003634                DMA2_Channel3_IRQHandler
 .text.LL_AHB2_GRP1_EnableClock
                0x0000000008003636       0x32 Drivers/BSP/P-NUCLEO-WB55.Nucleo/stm32wbxx_nucleo.o
 .text.BSP_LED_Init
                0x0000000008003668       0x74 Drivers/BSP/P-NUCLEO-WB55.Nucleo/stm32wbxx_nucleo.o
                0x0000000008003668                BSP_LED_Init
 .text.BSP_LED_On
                0x00000000080036dc       0x34 Drivers/BSP/P-NUCLEO-WB55.Nucleo/stm32wbxx_nucleo.o
                0x00000000080036dc                BSP_LED_On
 .text.BSP_LED_Off
                0x0000000008003710       0x34 Drivers/BSP/P-NUCLEO-WB55.Nucleo/stm32wbxx_nucleo.o
                0x0000000008003710                BSP_LED_Off
 .text.BSP_PB_Init
                0x0000000008003744       0xe4 Drivers/BSP/P-NUCLEO-WB55.Nucleo/stm32wbxx_nucleo.o
                0x0000000008003744                BSP_PB_Init
 .text.SystemInit
                0x0000000008003828       0xac Drivers/CMSIS/system_stm32wbxx.o
                0x0000000008003828                SystemInit
 .text.LL_DBGMCU_EnableDBGSleepMode
                0x00000000080038d4       0x20 Drivers/STM32WBxx_HAL_Driver/stm32wbxx_hal.o
 .text.LL_DBGMCU_EnableDBGStopMode
                0x00000000080038f4       0x20 Drivers/STM32WBxx_HAL_Driver/stm32wbxx_hal.o
 .text.HAL_Init
                0x0000000008003914       0x40 Drivers/STM32WBxx_HAL_Driver/stm32wbxx_hal.o
                0x0000000008003914                HAL_Init
 .text.HAL_InitTick
                0x0000000008003954       0x74 Drivers/STM32WBxx_HAL_Driver/stm32wbxx_hal.o
                0x0000000008003954                HAL_InitTick
 .text.HAL_IncTick
                0x00000000080039c8       0x28 Drivers/STM32WBxx_HAL_Driver/stm32wbxx_hal.o
                0x00000000080039c8                HAL_IncTick
 .text.HAL_GetTick
                0x00000000080039f0       0x18 Drivers/STM32WBxx_HAL_Driver/stm32wbxx_hal.o
                0x00000000080039f0                HAL_GetTick
 .text.HAL_GetTickPrio
                0x0000000008003a08       0x18 Drivers/STM32WBxx_HAL_Driver/stm32wbxx_hal.o
                0x0000000008003a08                HAL_GetTickPrio
 .text.HAL_GetTickFreq
                0x0000000008003a20       0x18 Drivers/STM32WBxx_HAL_Driver/stm32wbxx_hal.o
                0x0000000008003a20                HAL_GetTickFreq
 .text.HAL_DBGMCU_EnableDBGSleepMode
                0x0000000008003a38        0xc Drivers/STM32WBxx_HAL_Driver/stm32wbxx_hal.o
                0x0000000008003a38                HAL_DBGMCU_EnableDBGSleepMode
 .text.HAL_DBGMCU_EnableDBGStopMode
                0x0000000008003a44        0xc Drivers/STM32WBxx_HAL_Driver/stm32wbxx_hal.o
                0x0000000008003a44                HAL_DBGMCU_EnableDBGStopMode
 .text.__NVIC_SetPriorityGrouping
                0x0000000008003a50       0x48 Drivers/STM32WBxx_HAL_Driver/stm32wbxx_hal_cortex.o
 .text.__NVIC_GetPriorityGrouping
                0x0000000008003a98       0x1c Drivers/STM32WBxx_HAL_Driver/stm32wbxx_hal_cortex.o
 .text.__NVIC_EnableIRQ
                0x0000000008003ab4       0x3c Drivers/STM32WBxx_HAL_Driver/stm32wbxx_hal_cortex.o
 .text.__NVIC_DisableIRQ
                0x0000000008003af0       0x44 Drivers/STM32WBxx_HAL_Driver/stm32wbxx_hal_cortex.o
 .text.__NVIC_SetPendingIRQ
                0x0000000008003b34       0x3c Drivers/STM32WBxx_HAL_Driver/stm32wbxx_hal_cortex.o
 .text.__NVIC_ClearPendingIRQ
                0x0000000008003b70       0x3c Drivers/STM32WBxx_HAL_Driver/stm32wbxx_hal_cortex.o
 .text.__NVIC_SetPriority
                0x0000000008003bac       0x54 Drivers/STM32WBxx_HAL_Driver/stm32wbxx_hal_cortex.o
 .text.NVIC_EncodePriority
                0x0000000008003c00       0x66 Drivers/STM32WBxx_HAL_Driver/stm32wbxx_hal_cortex.o
 *fill*         0x0000000008003c66        0x2 
 .text.SysTick_Config
                0x0000000008003c68       0x44 Drivers/STM32WBxx_HAL_Driver/stm32wbxx_hal_cortex.o
 .text.HAL_NVIC_SetPriorityGrouping
                0x0000000008003cac       0x16 Drivers/STM32WBxx_HAL_Driver/stm32wbxx_hal_cortex.o
                0x0000000008003cac                HAL_NVIC_SetPriorityGrouping
 .text.HAL_NVIC_SetPriority
                0x0000000008003cc2       0x34 Drivers/STM32WBxx_HAL_Driver/stm32wbxx_hal_cortex.o
                0x0000000008003cc2                HAL_NVIC_SetPriority
 .text.HAL_NVIC_EnableIRQ
                0x0000000008003cf6       0x1c Drivers/STM32WBxx_HAL_Driver/stm32wbxx_hal_cortex.o
                0x0000000008003cf6                HAL_NVIC_EnableIRQ
 .text.HAL_NVIC_DisableIRQ
                0x0000000008003d12       0x1c Drivers/STM32WBxx_HAL_Driver/stm32wbxx_hal_cortex.o
                0x0000000008003d12                HAL_NVIC_DisableIRQ
 .text.HAL_SYSTICK_Config
                0x0000000008003d2e       0x18 Drivers/STM32WBxx_HAL_Driver/stm32wbxx_hal_cortex.o
                0x0000000008003d2e                HAL_SYSTICK_Config
 .text.HAL_NVIC_SetPendingIRQ
                0x0000000008003d46       0x1c Drivers/STM32WBxx_HAL_Driver/stm32wbxx_hal_cortex.o
                0x0000000008003d46                HAL_NVIC_SetPendingIRQ
 .text.HAL_NVIC_ClearPendingIRQ
                0x0000000008003d62       0x1c Drivers/STM32WBxx_HAL_Driver/stm32wbxx_hal_cortex.o
                0x0000000008003d62                HAL_NVIC_ClearPendingIRQ
 *fill*         0x0000000008003d7e        0x2 
 .text.HAL_DMA_Init
                0x0000000008003d80      0x150 Drivers/STM32WBxx_HAL_Driver/stm32wbxx_hal_dma.o
                0x0000000008003d80                HAL_DMA_Init
 .text.HAL_DMA_Start_IT
                0x0000000008003ed0       0xf6 Drivers/STM32WBxx_HAL_Driver/stm32wbxx_hal_dma.o
                0x0000000008003ed0                HAL_DMA_Start_IT
 .text.HAL_DMA_Abort_IT
                0x0000000008003fc6       0xbe Drivers/STM32WBxx_HAL_Driver/stm32wbxx_hal_dma.o
                0x0000000008003fc6                HAL_DMA_Abort_IT
 .text.HAL_DMA_IRQHandler
                0x0000000008004084      0x15e Drivers/STM32WBxx_HAL_Driver/stm32wbxx_hal_dma.o
                0x0000000008004084                HAL_DMA_IRQHandler
 .text.DMA_SetConfig
                0x00000000080041e2       0x7c Drivers/STM32WBxx_HAL_Driver/stm32wbxx_hal_dma.o
 *fill*         0x000000000800425e        0x2 
 .text.DMA_CalcDMAMUXChannelBaseAndMask
                0x0000000008004260       0x7c Drivers/STM32WBxx_HAL_Driver/stm32wbxx_hal_dma.o
 .text.DMA_CalcDMAMUXRequestGenBaseAndMask
                0x00000000080042dc       0x4c Drivers/STM32WBxx_HAL_Driver/stm32wbxx_hal_dma.o
 .text.HAL_DMAEx_ConfigMuxSync
                0x0000000008004328       0x80 Drivers/STM32WBxx_HAL_Driver/stm32wbxx_hal_dma_ex.o
                0x0000000008004328                HAL_DMAEx_ConfigMuxSync
 .text.HAL_GPIO_Init
                0x00000000080043a8      0x2e0 Drivers/STM32WBxx_HAL_Driver/stm32wbxx_hal_gpio.o
                0x00000000080043a8                HAL_GPIO_Init
 .text.HAL_GPIO_WritePin
                0x0000000008004688       0x30 Drivers/STM32WBxx_HAL_Driver/stm32wbxx_hal_gpio.o
                0x0000000008004688                HAL_GPIO_WritePin
 .text.HAL_GPIO_EXTI_IRQHandler
                0x00000000080046b8       0x30 Drivers/STM32WBxx_HAL_Driver/stm32wbxx_hal_gpio.o
                0x00000000080046b8                HAL_GPIO_EXTI_IRQHandler
 .text.HAL_HSEM_IRQHandler
                0x00000000080046e8       0x34 Drivers/STM32WBxx_HAL_Driver/stm32wbxx_hal_hsem.o
                0x00000000080046e8                HAL_HSEM_IRQHandler
 .text.HAL_HSEM_FreeCallback
                0x000000000800471c       0x14 Drivers/STM32WBxx_HAL_Driver/stm32wbxx_hal_hsem.o
                0x000000000800471c                HAL_HSEM_FreeCallback
 .text.HAL_PWR_EnableBkUpAccess
                0x0000000008004730       0x20 Drivers/STM32WBxx_HAL_Driver/stm32wbxx_hal_pwr.o
                0x0000000008004730                HAL_PWR_EnableBkUpAccess
 .text.HAL_PWREx_GetVoltageRange
                0x0000000008004750       0x1c Drivers/STM32WBxx_HAL_Driver/stm32wbxx_hal_pwr_ex.o
                0x0000000008004750                HAL_PWREx_GetVoltageRange
 .text.LL_RCC_HSE_IsEnabledDiv2
                0x000000000800476c       0x24 Drivers/STM32WBxx_HAL_Driver/stm32wbxx_hal_rcc.o
 .text.LL_RCC_HSE_Enable
                0x0000000008004790       0x1e Drivers/STM32WBxx_HAL_Driver/stm32wbxx_hal_rcc.o
 .text.LL_RCC_HSE_Disable
                0x00000000080047ae       0x1e Drivers/STM32WBxx_HAL_Driver/stm32wbxx_hal_rcc.o
 .text.LL_RCC_HSE_IsReady
                0x00000000080047cc       0x24 Drivers/STM32WBxx_HAL_Driver/stm32wbxx_hal_rcc.o
 .text.LL_RCC_HSI_Enable
                0x00000000080047f0       0x1e Drivers/STM32WBxx_HAL_Driver/stm32wbxx_hal_rcc.o
 .text.LL_RCC_HSI_Disable
                0x000000000800480e       0x1e Drivers/STM32WBxx_HAL_Driver/stm32wbxx_hal_rcc.o
 .text.LL_RCC_HSI_IsReady
                0x000000000800482c       0x24 Drivers/STM32WBxx_HAL_Driver/stm32wbxx_hal_rcc.o
 .text.LL_RCC_HSI_SetCalibTrimming
                0x0000000008004850       0x2a Drivers/STM32WBxx_HAL_Driver/stm32wbxx_hal_rcc.o
 .text.LL_RCC_HSI48_Enable
                0x000000000800487a       0x22 Drivers/STM32WBxx_HAL_Driver/stm32wbxx_hal_rcc.o
 .text.LL_RCC_HSI48_Disable
                0x000000000800489c       0x22 Drivers/STM32WBxx_HAL_Driver/stm32wbxx_hal_rcc.o
 .text.LL_RCC_HSI48_IsReady
                0x00000000080048be       0x24 Drivers/STM32WBxx_HAL_Driver/stm32wbxx_hal_rcc.o
 .text.LL_RCC_LSE_Enable
                0x00000000080048e2       0x22 Drivers/STM32WBxx_HAL_Driver/stm32wbxx_hal_rcc.o
 .text.LL_RCC_LSE_Disable
                0x0000000008004904       0x22 Drivers/STM32WBxx_HAL_Driver/stm32wbxx_hal_rcc.o
 .text.LL_RCC_LSE_EnableBypass
                0x0000000008004926       0x22 Drivers/STM32WBxx_HAL_Driver/stm32wbxx_hal_rcc.o
 .text.LL_RCC_LSE_DisableBypass
                0x0000000008004948       0x22 Drivers/STM32WBxx_HAL_Driver/stm32wbxx_hal_rcc.o
 .text.LL_RCC_LSE_IsReady
                0x000000000800496a       0x24 Drivers/STM32WBxx_HAL_Driver/stm32wbxx_hal_rcc.o
 .text.LL_RCC_LSI1_Enable
                0x000000000800498e       0x22 Drivers/STM32WBxx_HAL_Driver/stm32wbxx_hal_rcc.o
 .text.LL_RCC_LSI1_Disable
                0x00000000080049b0       0x22 Drivers/STM32WBxx_HAL_Driver/stm32wbxx_hal_rcc.o
 .text.LL_RCC_LSI1_IsReady
                0x00000000080049d2       0x24 Drivers/STM32WBxx_HAL_Driver/stm32wbxx_hal_rcc.o
 .text.LL_RCC_LSI2_Enable
                0x00000000080049f6       0x22 Drivers/STM32WBxx_HAL_Driver/stm32wbxx_hal_rcc.o
 .text.LL_RCC_LSI2_Disable
                0x0000000008004a18       0x22 Drivers/STM32WBxx_HAL_Driver/stm32wbxx_hal_rcc.o
 .text.LL_RCC_LSI2_IsReady
                0x0000000008004a3a       0x24 Drivers/STM32WBxx_HAL_Driver/stm32wbxx_hal_rcc.o
 .text.LL_RCC_LSI2_SetTrimming
                0x0000000008004a5e       0x2e Drivers/STM32WBxx_HAL_Driver/stm32wbxx_hal_rcc.o
 .text.LL_RCC_MSI_Enable
                0x0000000008004a8c       0x1e Drivers/STM32WBxx_HAL_Driver/stm32wbxx_hal_rcc.o
 .text.LL_RCC_MSI_Disable
                0x0000000008004aaa       0x1e Drivers/STM32WBxx_HAL_Driver/stm32wbxx_hal_rcc.o
 .text.LL_RCC_MSI_IsReady
                0x0000000008004ac8       0x22 Drivers/STM32WBxx_HAL_Driver/stm32wbxx_hal_rcc.o
 .text.LL_RCC_MSI_SetRange
                0x0000000008004aea       0x28 Drivers/STM32WBxx_HAL_Driver/stm32wbxx_hal_rcc.o
 .text.LL_RCC_MSI_GetRange
                0x0000000008004b12       0x2a Drivers/STM32WBxx_HAL_Driver/stm32wbxx_hal_rcc.o
 .text.LL_RCC_MSI_SetCalibTrimming
                0x0000000008004b3c       0x2a Drivers/STM32WBxx_HAL_Driver/stm32wbxx_hal_rcc.o
 .text.LL_RCC_SetSysClkSource
                0x0000000008004b66       0x28 Drivers/STM32WBxx_HAL_Driver/stm32wbxx_hal_rcc.o
 .text.LL_RCC_GetSysClkSource
                0x0000000008004b8e       0x18 Drivers/STM32WBxx_HAL_Driver/stm32wbxx_hal_rcc.o
 .text.LL_RCC_SetAHBPrescaler
                0x0000000008004ba6       0x28 Drivers/STM32WBxx_HAL_Driver/stm32wbxx_hal_rcc.o
 .text.LL_C2_RCC_SetAHBPrescaler
                0x0000000008004bce       0x2c Drivers/STM32WBxx_HAL_Driver/stm32wbxx_hal_rcc.o
 .text.LL_RCC_SetAHB4Prescaler
                0x0000000008004bfa       0x2e Drivers/STM32WBxx_HAL_Driver/stm32wbxx_hal_rcc.o
 .text.LL_RCC_SetAPB1Prescaler
                0x0000000008004c28       0x28 Drivers/STM32WBxx_HAL_Driver/stm32wbxx_hal_rcc.o
 .text.LL_RCC_SetAPB2Prescaler
                0x0000000008004c50       0x28 Drivers/STM32WBxx_HAL_Driver/stm32wbxx_hal_rcc.o
 .text.LL_RCC_GetAHBPrescaler
                0x0000000008004c78       0x18 Drivers/STM32WBxx_HAL_Driver/stm32wbxx_hal_rcc.o
 .text.LL_RCC_GetAHB4Prescaler
                0x0000000008004c90       0x1c Drivers/STM32WBxx_HAL_Driver/stm32wbxx_hal_rcc.o
 .text.LL_RCC_GetAPB1Prescaler
                0x0000000008004cac       0x18 Drivers/STM32WBxx_HAL_Driver/stm32wbxx_hal_rcc.o
 .text.LL_RCC_GetAPB2Prescaler
                0x0000000008004cc4       0x18 Drivers/STM32WBxx_HAL_Driver/stm32wbxx_hal_rcc.o
 .text.LL_RCC_PLL_Enable
                0x0000000008004cdc       0x1e Drivers/STM32WBxx_HAL_Driver/stm32wbxx_hal_rcc.o
 .text.LL_RCC_PLL_Disable
                0x0000000008004cfa       0x1e Drivers/STM32WBxx_HAL_Driver/stm32wbxx_hal_rcc.o
 .text.LL_RCC_PLL_IsReady
                0x0000000008004d18       0x24 Drivers/STM32WBxx_HAL_Driver/stm32wbxx_hal_rcc.o
 .text.LL_RCC_PLL_GetN
                0x0000000008004d3c       0x1a Drivers/STM32WBxx_HAL_Driver/stm32wbxx_hal_rcc.o
 .text.LL_RCC_PLL_GetR
                0x0000000008004d56       0x18 Drivers/STM32WBxx_HAL_Driver/stm32wbxx_hal_rcc.o
 .text.LL_RCC_PLL_GetDivider
                0x0000000008004d6e       0x18 Drivers/STM32WBxx_HAL_Driver/stm32wbxx_hal_rcc.o
 .text.LL_RCC_PLL_GetMainSource
                0x0000000008004d86       0x18 Drivers/STM32WBxx_HAL_Driver/stm32wbxx_hal_rcc.o
 .text.LL_RCC_IsActiveFlag_HPRE
                0x0000000008004d9e       0x24 Drivers/STM32WBxx_HAL_Driver/stm32wbxx_hal_rcc.o
 .text.LL_RCC_IsActiveFlag_C2HPRE
                0x0000000008004dc2       0x26 Drivers/STM32WBxx_HAL_Driver/stm32wbxx_hal_rcc.o
 .text.LL_RCC_IsActiveFlag_SHDHPRE
                0x0000000008004de8       0x26 Drivers/STM32WBxx_HAL_Driver/stm32wbxx_hal_rcc.o
 .text.LL_RCC_IsActiveFlag_PPRE1
                0x0000000008004e0e       0x24 Drivers/STM32WBxx_HAL_Driver/stm32wbxx_hal_rcc.o
 .text.LL_RCC_IsActiveFlag_PPRE2
                0x0000000008004e32       0x24 Drivers/STM32WBxx_HAL_Driver/stm32wbxx_hal_rcc.o
 *fill*         0x0000000008004e56        0x2 
 .text.HAL_RCC_OscConfig
                0x0000000008004e58      0x718 Drivers/STM32WBxx_HAL_Driver/stm32wbxx_hal_rcc.o
                0x0000000008004e58                HAL_RCC_OscConfig
 .text.HAL_RCC_ClockConfig
                0x0000000008005570      0x280 Drivers/STM32WBxx_HAL_Driver/stm32wbxx_hal_rcc.o
                0x0000000008005570                HAL_RCC_ClockConfig
 .text.HAL_RCC_GetSysClockFreq
                0x00000000080057f0       0xd4 Drivers/STM32WBxx_HAL_Driver/stm32wbxx_hal_rcc.o
                0x00000000080057f0                HAL_RCC_GetSysClockFreq
 .text.HAL_RCC_GetHCLKFreq
                0x00000000080058c4       0x28 Drivers/STM32WBxx_HAL_Driver/stm32wbxx_hal_rcc.o
                0x00000000080058c4                HAL_RCC_GetHCLKFreq
 .text.HAL_RCC_GetPCLK1Freq
                0x00000000080058ec       0x2c Drivers/STM32WBxx_HAL_Driver/stm32wbxx_hal_rcc.o
                0x00000000080058ec                HAL_RCC_GetPCLK1Freq
 .text.HAL_RCC_GetPCLK2Freq
                0x0000000008005918       0x2c Drivers/STM32WBxx_HAL_Driver/stm32wbxx_hal_rcc.o
                0x0000000008005918                HAL_RCC_GetPCLK2Freq
 .text.RCC_SetFlashLatencyFromMSIRange
                0x0000000008005944       0x70 Drivers/STM32WBxx_HAL_Driver/stm32wbxx_hal_rcc.o
 .text.RCC_SetFlashLatency
                0x00000000080059b4      0x100 Drivers/STM32WBxx_HAL_Driver/stm32wbxx_hal_rcc.o
 .text.LL_RCC_LSE_IsEnabled
                0x0000000008005ab4       0x24 Drivers/STM32WBxx_HAL_Driver/stm32wbxx_hal_rcc_ex.o
 .text.LL_RCC_LSE_IsReady
                0x0000000008005ad8       0x24 Drivers/STM32WBxx_HAL_Driver/stm32wbxx_hal_rcc_ex.o
 .text.LL_RCC_SetRFWKPClockSource
                0x0000000008005afc       0x2c Drivers/STM32WBxx_HAL_Driver/stm32wbxx_hal_rcc_ex.o
 .text.LL_RCC_SetSMPSClockSource
                0x0000000008005b28       0x28 Drivers/STM32WBxx_HAL_Driver/stm32wbxx_hal_rcc_ex.o
 .text.LL_RCC_SetSMPSPrescaler
                0x0000000008005b50       0x28 Drivers/STM32WBxx_HAL_Driver/stm32wbxx_hal_rcc_ex.o
 .text.LL_RCC_SetUSARTClockSource
                0x0000000008005b78       0x2c Drivers/STM32WBxx_HAL_Driver/stm32wbxx_hal_rcc_ex.o
 .text.LL_RCC_SetLPUARTClockSource
                0x0000000008005ba4       0x2c Drivers/STM32WBxx_HAL_Driver/stm32wbxx_hal_rcc_ex.o
 .text.LL_RCC_SetI2CClockSource
                0x0000000008005bd0       0x3a Drivers/STM32WBxx_HAL_Driver/stm32wbxx_hal_rcc_ex.o
 .text.LL_RCC_SetLPTIMClockSource
                0x0000000008005c0a       0x34 Drivers/STM32WBxx_HAL_Driver/stm32wbxx_hal_rcc_ex.o
 .text.LL_RCC_SetSAIClockSource
                0x0000000008005c3e       0x2c Drivers/STM32WBxx_HAL_Driver/stm32wbxx_hal_rcc_ex.o
 .text.LL_RCC_SetRNGClockSource
                0x0000000008005c6a       0x2c Drivers/STM32WBxx_HAL_Driver/stm32wbxx_hal_rcc_ex.o
 .text.LL_RCC_SetCLK48ClockSource
                0x0000000008005c96       0x2c Drivers/STM32WBxx_HAL_Driver/stm32wbxx_hal_rcc_ex.o
 .text.LL_RCC_SetUSBClockSource
                0x0000000008005cc2       0x16 Drivers/STM32WBxx_HAL_Driver/stm32wbxx_hal_rcc_ex.o
 .text.LL_RCC_SetADCClockSource
                0x0000000008005cd8       0x2c Drivers/STM32WBxx_HAL_Driver/stm32wbxx_hal_rcc_ex.o
 .text.LL_RCC_SetRTCClockSource
                0x0000000008005d04       0x2c Drivers/STM32WBxx_HAL_Driver/stm32wbxx_hal_rcc_ex.o
 .text.LL_RCC_GetRTCClockSource
                0x0000000008005d30       0x1a Drivers/STM32WBxx_HAL_Driver/stm32wbxx_hal_rcc_ex.o
 .text.LL_RCC_ForceBackupDomainReset
                0x0000000008005d4a       0x22 Drivers/STM32WBxx_HAL_Driver/stm32wbxx_hal_rcc_ex.o
 .text.LL_RCC_ReleaseBackupDomainReset
                0x0000000008005d6c       0x22 Drivers/STM32WBxx_HAL_Driver/stm32wbxx_hal_rcc_ex.o
 .text.LL_RCC_PLLSAI1_Enable
                0x0000000008005d8e       0x1e Drivers/STM32WBxx_HAL_Driver/stm32wbxx_hal_rcc_ex.o
 .text.LL_RCC_PLLSAI1_Disable
                0x0000000008005dac       0x1e Drivers/STM32WBxx_HAL_Driver/stm32wbxx_hal_rcc_ex.o
 .text.LL_RCC_PLLSAI1_IsReady
                0x0000000008005dca       0x24 Drivers/STM32WBxx_HAL_Driver/stm32wbxx_hal_rcc_ex.o
 .text.HAL_RCCEx_PeriphCLKConfig
                0x0000000008005dee      0x2ea Drivers/STM32WBxx_HAL_Driver/stm32wbxx_hal_rcc_ex.o
                0x0000000008005dee                HAL_RCCEx_PeriphCLKConfig
 .text.RCCEx_PLLSAI1_ConfigNP
                0x00000000080060d8       0xb6 Drivers/STM32WBxx_HAL_Driver/stm32wbxx_hal_rcc_ex.o
 .text.RCCEx_PLLSAI1_ConfigNQ
                0x000000000800618e       0xb6 Drivers/STM32WBxx_HAL_Driver/stm32wbxx_hal_rcc_ex.o
 .text.RCCEx_PLLSAI1_ConfigNR
                0x0000000008006244       0xb6 Drivers/STM32WBxx_HAL_Driver/stm32wbxx_hal_rcc_ex.o
 .text.HAL_RTC_Init
                0x00000000080062fa      0x13c Drivers/STM32WBxx_HAL_Driver/stm32wbxx_hal_rtc.o
                0x00000000080062fa                HAL_RTC_Init
 .text.HAL_RTC_WaitForSynchro
                0x0000000008006436       0x4c Drivers/STM32WBxx_HAL_Driver/stm32wbxx_hal_rtc.o
                0x0000000008006436                HAL_RTC_WaitForSynchro
 .text.RTC_EnterInitMode
                0x0000000008006482       0x54 Drivers/STM32WBxx_HAL_Driver/stm32wbxx_hal_rtc.o
                0x0000000008006482                RTC_EnterInitMode
 .text.HAL_RTCEx_EnableBypassShadow
                0x00000000080064d6       0x6c Drivers/STM32WBxx_HAL_Driver/stm32wbxx_hal_rtc_ex.o
                0x00000000080064d6                HAL_RTCEx_EnableBypassShadow
 .text.LL_RCC_GetUSARTClockSource
                0x0000000008006542       0x20 Drivers/STM32WBxx_HAL_Driver/stm32wbxx_hal_uart.o
 .text.LL_RCC_GetLPUARTClockSource
                0x0000000008006562       0x20 Drivers/STM32WBxx_HAL_Driver/stm32wbxx_hal_uart.o
 .text.HAL_UART_Init
                0x0000000008006582       0xa0 Drivers/STM32WBxx_HAL_Driver/stm32wbxx_hal_uart.o
                0x0000000008006582                HAL_UART_Init
 *fill*         0x0000000008006622        0x2 
 .text.HAL_UART_Transmit_DMA
                0x0000000008006624      0x100 Drivers/STM32WBxx_HAL_Driver/stm32wbxx_hal_uart.o
                0x0000000008006624                HAL_UART_Transmit_DMA
 .text.HAL_UART_IRQHandler
                0x0000000008006724      0x300 Drivers/STM32WBxx_HAL_Driver/stm32wbxx_hal_uart.o
                0x0000000008006724                HAL_UART_IRQHandler
 .text.HAL_UART_TxHalfCpltCallback
                0x0000000008006a24       0x14 Drivers/STM32WBxx_HAL_Driver/stm32wbxx_hal_uart.o
                0x0000000008006a24                HAL_UART_TxHalfCpltCallback
 .text.HAL_UART_ErrorCallback
                0x0000000008006a38       0x14 Drivers/STM32WBxx_HAL_Driver/stm32wbxx_hal_uart.o
                0x0000000008006a38                HAL_UART_ErrorCallback
 .text.UART_SetConfig
                0x0000000008006a4c      0x41c Drivers/STM32WBxx_HAL_Driver/stm32wbxx_hal_uart.o
                0x0000000008006a4c                UART_SetConfig
 .text.UART_AdvFeatureConfig
                0x0000000008006e68      0x144 Drivers/STM32WBxx_HAL_Driver/stm32wbxx_hal_uart.o
                0x0000000008006e68                UART_AdvFeatureConfig
 .text.UART_CheckIdleState
                0x0000000008006fac       0x90 Drivers/STM32WBxx_HAL_Driver/stm32wbxx_hal_uart.o
                0x0000000008006fac                UART_CheckIdleState
 .text.UART_WaitOnFlagUntilTimeout
                0x000000000800703c      0x100 Drivers/STM32WBxx_HAL_Driver/stm32wbxx_hal_uart.o
                0x000000000800703c                UART_WaitOnFlagUntilTimeout
 .text.UART_EndTxTransfer
                0x000000000800713c       0x3c Drivers/STM32WBxx_HAL_Driver/stm32wbxx_hal_uart.o
 .text.UART_EndRxTransfer
                0x0000000008007178       0x46 Drivers/STM32WBxx_HAL_Driver/stm32wbxx_hal_uart.o
 .text.UART_DMATransmitCplt
                0x00000000080071be       0x54 Drivers/STM32WBxx_HAL_Driver/stm32wbxx_hal_uart.o
 .text.UART_DMATxHalfCplt
                0x0000000008007212       0x1c Drivers/STM32WBxx_HAL_Driver/stm32wbxx_hal_uart.o
 .text.UART_DMAError
                0x000000000800722e       0x80 Drivers/STM32WBxx_HAL_Driver/stm32wbxx_hal_uart.o
 .text.UART_DMAAbortOnError
                0x00000000080072ae       0x2c Drivers/STM32WBxx_HAL_Driver/stm32wbxx_hal_uart.o
 .text.UART_EndTransmit_IT
                0x00000000080072da       0x34 Drivers/STM32WBxx_HAL_Driver/stm32wbxx_hal_uart.o
 .text.HAL_UARTEx_WakeupCallback
                0x000000000800730e       0x14 Drivers/STM32WBxx_HAL_Driver/stm32wbxx_hal_uart_ex.o
                0x000000000800730e                HAL_UARTEx_WakeupCallback
 .text.HAL_UARTEx_RxFifoFullCallback
                0x0000000008007322       0x14 Drivers/STM32WBxx_HAL_Driver/stm32wbxx_hal_uart_ex.o
                0x0000000008007322                HAL_UARTEx_RxFifoFullCallback
 .text.HAL_UARTEx_TxFifoEmptyCallback
                0x0000000008007336       0x14 Drivers/STM32WBxx_HAL_Driver/stm32wbxx_hal_uart_ex.o
                0x0000000008007336                HAL_UARTEx_TxFifoEmptyCallback
 .text.HAL_UARTEx_DisableFifoMode
                0x000000000800734a       0x72 Drivers/STM32WBxx_HAL_Driver/stm32wbxx_hal_uart_ex.o
                0x000000000800734a                HAL_UARTEx_DisableFifoMode
 .text.HAL_UARTEx_SetTxFifoThreshold
                0x00000000080073bc       0x7c Drivers/STM32WBxx_HAL_Driver/stm32wbxx_hal_uart_ex.o
                0x00000000080073bc                HAL_UARTEx_SetTxFifoThreshold
 .text.HAL_UARTEx_SetRxFifoThreshold
                0x0000000008007438       0x7c Drivers/STM32WBxx_HAL_Driver/stm32wbxx_hal_uart_ex.o
                0x0000000008007438                HAL_UARTEx_SetRxFifoThreshold
 .text.UARTEx_SetNbDataToProcess
                0x00000000080074b4       0xd0 Drivers/STM32WBxx_HAL_Driver/stm32wbxx_hal_uart_ex.o
 .text.aci_gap_set_non_discoverable
                0x0000000008007584       0x48 Middlewares/STM32_WPAN/ble_gap_aci.o
                0x0000000008007584                aci_gap_set_non_discoverable
 .text.aci_gap_set_discoverable
                0x00000000080075cc      0x1bc Middlewares/STM32_WPAN/ble_gap_aci.o
                0x00000000080075cc                aci_gap_set_discoverable
 .text.aci_gap_set_io_capability
                0x0000000008007788       0x94 Middlewares/STM32_WPAN/ble_gap_aci.o
                0x0000000008007788                aci_gap_set_io_capability
 .text.aci_gap_set_authentication_requirement
                0x000000000800781c      0x150 Middlewares/STM32_WPAN/ble_gap_aci.o
                0x000000000800781c                aci_gap_set_authentication_requirement
 .text.aci_gap_init
                0x000000000800796c      0x116 Middlewares/STM32_WPAN/ble_gap_aci.o
                0x000000000800796c                aci_gap_init
 .text.aci_gap_update_adv_data
                0x0000000008007a82       0xb8 Middlewares/STM32_WPAN/ble_gap_aci.o
                0x0000000008007a82                aci_gap_update_adv_data
 .text.aci_gap_configure_whitelist
                0x0000000008007b3a       0x48 Middlewares/STM32_WPAN/ble_gap_aci.o
                0x0000000008007b3a                aci_gap_configure_whitelist
 .text.aci_gap_allow_rebond
                0x0000000008007b82       0x94 Middlewares/STM32_WPAN/ble_gap_aci.o
                0x0000000008007b82                aci_gap_allow_rebond
 .text.aci_gap_numeric_comparison_value_confirm_yesno
                0x0000000008007c16       0xae Middlewares/STM32_WPAN/ble_gap_aci.o
                0x0000000008007c16                aci_gap_numeric_comparison_value_confirm_yesno
 .text.aci_gatt_init
                0x0000000008007cc4       0x4a Middlewares/STM32_WPAN/ble_gatt_aci.o
                0x0000000008007cc4                aci_gatt_init
 .text.aci_gatt_add_service
                0x0000000008007d0e      0x15e Middlewares/STM32_WPAN/ble_gatt_aci.o
                0x0000000008007d0e                aci_gatt_add_service
 .text.aci_gatt_add_char
                0x0000000008007e6c      0x1d4 Middlewares/STM32_WPAN/ble_gatt_aci.o
                0x0000000008007e6c                aci_gatt_add_char
 .text.aci_gatt_update_char_value
                0x0000000008008040      0x10e Middlewares/STM32_WPAN/ble_gatt_aci.o
                0x0000000008008040                aci_gatt_update_char_value
 .text.aci_hal_write_config_data
                0x000000000800814e       0xd2 Middlewares/STM32_WPAN/ble_hal_aci.o
                0x000000000800814e                aci_hal_write_config_data
 .text.aci_hal_set_tx_power_level
                0x0000000008008220       0xae Middlewares/STM32_WPAN/ble_hal_aci.o
                0x0000000008008220                aci_hal_set_tx_power_level
 .text.aci_hal_set_radio_activity_mask
                0x00000000080082ce       0x94 Middlewares/STM32_WPAN/ble_hal_aci.o
                0x00000000080082ce                aci_hal_set_radio_activity_mask
 .text.hci_reset
                0x0000000008008362       0x48 Middlewares/STM32_WPAN/ble_hci_le.o
                0x0000000008008362                hci_reset
 .text.hci_le_read_phy
                0x00000000080083aa       0xd0 Middlewares/STM32_WPAN/ble_hci_le.o
                0x00000000080083aa                hci_le_read_phy
 .text.hci_le_set_default_phy
                0x000000000800847a       0xce Middlewares/STM32_WPAN/ble_hci_le.o
                0x000000000800847a                hci_le_set_default_phy
 .text.aci_l2cap_connection_parameter_update_req
                0x0000000008008548      0x106 Middlewares/STM32_WPAN/ble_l2cap_aci.o
                0x0000000008008548                aci_l2cap_connection_parameter_update_req
 *fill*         0x000000000800864e        0x2 
 .text.DbgTrace_TxCpltCallback
                0x0000000008008650       0x6c Middlewares/STM32_WPAN/dbg_trace.o
 .text.DbgTraceInit
                0x00000000080086bc       0x2c Middlewares/STM32_WPAN/dbg_trace.o
                0x00000000080086bc                DbgTraceInit
 .text._write   0x00000000080086e8       0x20 Middlewares/STM32_WPAN/dbg_trace.o
                0x00000000080086e8                _write
 .text.DbgTraceWrite
                0x0000000008008708       0xa8 Middlewares/STM32_WPAN/dbg_trace.o
                0x0000000008008708                DbgTraceWrite
 .text.hci_init
                0x00000000080087b0       0x38 Middlewares/STM32_WPAN/hci_tl.o
                0x00000000080087b0                hci_init
 .text.hci_user_evt_proc
                0x00000000080087e8       0x9c Middlewares/STM32_WPAN/hci_tl.o
                0x00000000080087e8                hci_user_evt_proc
 .text.hci_send_req
                0x0000000008008884       0xfc Middlewares/STM32_WPAN/hci_tl.o
                0x0000000008008884                hci_send_req
 .text.TlInit   0x0000000008008980       0x60 Middlewares/STM32_WPAN/hci_tl.o
 .text.SendCmd  0x00000000080089e0       0x4c Middlewares/STM32_WPAN/hci_tl.o
 .text.NotifyCmdStatus
                0x0000000008008a2c       0x40 Middlewares/STM32_WPAN/hci_tl.o
 .text.TlEvtReceived
                0x0000000008008a6c       0x48 Middlewares/STM32_WPAN/hci_tl.o
 .text.hci_register_io_bus
                0x0000000008008ab4       0x28 Middlewares/STM32_WPAN/hci_tl_if.o
                0x0000000008008ab4                hci_register_io_bus
 .text.Osal_MemCpy
                0x0000000008008adc       0x20 Middlewares/STM32_WPAN/osal.o
                0x0000000008008adc                Osal_MemCpy
 .text.Osal_MemSet
                0x0000000008008afc       0x20 Middlewares/STM32_WPAN/osal.o
                0x0000000008008afc                Osal_MemSet
 .text.OTP_Read
                0x0000000008008b1c       0x50 Middlewares/STM32_WPAN/otp.o
                0x0000000008008b1c                OTP_Read
 .text.PeerToPeer_Event_Handler
                0x0000000008008b6c       0xd0 Middlewares/STM32_WPAN/p2p_stm.o
 .text.P2PS_STM_Init
                0x0000000008008c3c      0x140 Middlewares/STM32_WPAN/p2p_stm.o
                0x0000000008008c3c                P2PS_STM_Init
 .text.P2PS_STM_App_Update_Char
                0x0000000008008d7c       0x44 Middlewares/STM32_WPAN/p2p_stm.o
                0x0000000008008d7c                P2PS_STM_App_Update_Char
 .text.SHCI_C2_BLE_Init
                0x0000000008008dc0       0x2e Middlewares/STM32_WPAN/shci.o
                0x0000000008008dc0                SHCI_C2_BLE_Init
 .text.SHCI_C2_DEBUG_Init
                0x0000000008008dee       0x2e Middlewares/STM32_WPAN/shci.o
                0x0000000008008dee                SHCI_C2_DEBUG_Init
 .text.shci_init
                0x0000000008008e1c       0x38 Middlewares/STM32_WPAN/shci_tl.o
                0x0000000008008e1c                shci_init
 .text.shci_user_evt_proc
                0x0000000008008e54       0x9c Middlewares/STM32_WPAN/shci_tl.o
                0x0000000008008e54                shci_user_evt_proc
 .text.shci_send
                0x0000000008008ef0       0x7c Middlewares/STM32_WPAN/shci_tl.o
                0x0000000008008ef0                shci_send
 .text.TlInit   0x0000000008008f6c       0x64 Middlewares/STM32_WPAN/shci_tl.o
 .text.Cmd_SetStatus
                0x0000000008008fd0       0x50 Middlewares/STM32_WPAN/shci_tl.o
 .text.TlCmdEvtReceived
                0x0000000008009020       0x16 Middlewares/STM32_WPAN/shci_tl.o
 *fill*         0x0000000008009036        0x2 
 .text.TlUserEvtReceived
                0x0000000008009038       0x24 Middlewares/STM32_WPAN/shci_tl.o
 .text.shci_register_io_bus
                0x000000000800905c       0x28 Middlewares/STM32_WPAN/shci_tl_if.o
                0x000000000800905c                shci_register_io_bus
 .text.LST_init_head
                0x0000000008009084       0x20 Middlewares/STM32_WPAN/stm_list.o
                0x0000000008009084                LST_init_head
 .text.LST_is_empty
                0x00000000080090a4       0x40 Middlewares/STM32_WPAN/stm_list.o
                0x00000000080090a4                LST_is_empty
 .text.LST_insert_head
                0x00000000080090e4       0x48 Middlewares/STM32_WPAN/stm_list.o
                0x00000000080090e4                LST_insert_head
 .text.LST_insert_tail
                0x000000000800912c       0x48 Middlewares/STM32_WPAN/stm_list.o
                0x000000000800912c                LST_insert_tail
 .text.LST_remove_node
                0x0000000008009174       0x3e Middlewares/STM32_WPAN/stm_list.o
                0x0000000008009174                LST_remove_node
 .text.LST_remove_head
                0x00000000080091b2       0x3a Middlewares/STM32_WPAN/stm_list.o
                0x00000000080091b2                LST_remove_head
 .text.CircularQueue_Init
                0x00000000080091ec       0x64 Middlewares/STM32_WPAN/stm_queue.o
                0x00000000080091ec                CircularQueue_Init
 .text.CircularQueue_Add
                0x0000000008009250      0x44e Middlewares/STM32_WPAN/stm_queue.o
                0x0000000008009250                CircularQueue_Add
 .text.CircularQueue_Remove
                0x000000000800969e      0x1e8 Middlewares/STM32_WPAN/stm_queue.o
                0x000000000800969e                CircularQueue_Remove
 .text.CircularQueue_Sense
                0x0000000008009886      0x16a Middlewares/STM32_WPAN/stm_queue.o
                0x0000000008009886                CircularQueue_Sense
 .text.BLS_Init
                0x00000000080099f0        0xe Middlewares/STM32_WPAN/svc_ctl.o
                0x00000000080099f0                BLS_Init
 .text.CRS_STM_Init
                0x00000000080099fe        0xe Middlewares/STM32_WPAN/svc_ctl.o
                0x00000000080099fe                CRS_STM_Init
 .text.DIS_Init
                0x0000000008009a0c        0xe Middlewares/STM32_WPAN/svc_ctl.o
                0x0000000008009a0c                DIS_Init
 .text.EDS_STM_Init
                0x0000000008009a1a        0xe Middlewares/STM32_WPAN/svc_ctl.o
                0x0000000008009a1a                EDS_STM_Init
 .text.HIDS_Init
                0x0000000008009a28        0xe Middlewares/STM32_WPAN/svc_ctl.o
                0x0000000008009a28                HIDS_Init
 .text.HRS_Init
                0x0000000008009a36        0xe Middlewares/STM32_WPAN/svc_ctl.o
                0x0000000008009a36                HRS_Init
 .text.HTS_Init
                0x0000000008009a44        0xe Middlewares/STM32_WPAN/svc_ctl.o
                0x0000000008009a44                HTS_Init
 .text.IAS_Init
                0x0000000008009a52        0xe Middlewares/STM32_WPAN/svc_ctl.o
                0x0000000008009a52                IAS_Init
 .text.LLS_Init
                0x0000000008009a60        0xe Middlewares/STM32_WPAN/svc_ctl.o
                0x0000000008009a60                LLS_Init
 .text.TPS_Init
                0x0000000008009a6e        0xe Middlewares/STM32_WPAN/svc_ctl.o
                0x0000000008009a6e                TPS_Init
 .text.MOTENV_STM_Init
                0x0000000008009a7c        0xe Middlewares/STM32_WPAN/svc_ctl.o
                0x0000000008009a7c                MOTENV_STM_Init
 .text.OTAS_STM_Init
                0x0000000008009a8a        0xe Middlewares/STM32_WPAN/svc_ctl.o
                0x0000000008009a8a                OTAS_STM_Init
 .text.MESH_Init
                0x0000000008009a98        0xe Middlewares/STM32_WPAN/svc_ctl.o
                0x0000000008009a98                MESH_Init
 .text.BVOPUS_STM_Init
                0x0000000008009aa6        0xe Middlewares/STM32_WPAN/svc_ctl.o
                0x0000000008009aa6                BVOPUS_STM_Init
 .text.SVCCTL_InitCustomSvc
                0x0000000008009ab4        0xe Middlewares/STM32_WPAN/svc_ctl.o
                0x0000000008009ab4                SVCCTL_InitCustomSvc
 *fill*         0x0000000008009ac2        0x2 
 .text.SVCCTL_Init
                0x0000000008009ac4       0x20 Middlewares/STM32_WPAN/svc_ctl.o
                0x0000000008009ac4                SVCCTL_Init
 .text.SVCCTL_SvcInit
                0x0000000008009ae4       0x48 Middlewares/STM32_WPAN/svc_ctl.o
                0x0000000008009ae4                SVCCTL_SvcInit
 .text.SVCCTL_RegisterSvcHandler
                0x0000000008009b2c       0x34 Middlewares/STM32_WPAN/svc_ctl.o
                0x0000000008009b2c                SVCCTL_RegisterSvcHandler
 .text.SVCCTL_UserEvtRx
                0x0000000008009b60       0xa4 Middlewares/STM32_WPAN/svc_ctl.o
                0x0000000008009b60                SVCCTL_UserEvtRx
 .text.TL_Enable
                0x0000000008009c04        0xc Middlewares/STM32_WPAN/tl_mbox.o
                0x0000000008009c04                TL_Enable
 .text.TL_Init  0x0000000008009c10       0x74 Middlewares/STM32_WPAN/tl_mbox.o
                0x0000000008009c10                TL_Init
 .text.TL_BLE_Init
                0x0000000008009c84       0x68 Middlewares/STM32_WPAN/tl_mbox.o
                0x0000000008009c84                TL_BLE_Init
 .text.TL_BLE_SendCmd
                0x0000000008009cec       0x38 Middlewares/STM32_WPAN/tl_mbox.o
                0x0000000008009cec                TL_BLE_SendCmd
 .text.HW_IPCC_BLE_RxEvtNot
                0x0000000008009d24       0x60 Middlewares/STM32_WPAN/tl_mbox.o
                0x0000000008009d24                HW_IPCC_BLE_RxEvtNot
 .text.HW_IPCC_BLE_AclDataAckNot
                0x0000000008009d84       0x14 Middlewares/STM32_WPAN/tl_mbox.o
                0x0000000008009d84                HW_IPCC_BLE_AclDataAckNot
 .text.TL_SYS_Init
                0x0000000008009d98       0x54 Middlewares/STM32_WPAN/tl_mbox.o
                0x0000000008009d98                TL_SYS_Init
 .text.TL_SYS_SendCmd
                0x0000000008009dec       0x38 Middlewares/STM32_WPAN/tl_mbox.o
                0x0000000008009dec                TL_SYS_SendCmd
 .text.HW_IPCC_SYS_CmdEvtNot
                0x0000000008009e24       0x2c Middlewares/STM32_WPAN/tl_mbox.o
                0x0000000008009e24                HW_IPCC_SYS_CmdEvtNot
 .text.HW_IPCC_SYS_EvtNot
                0x0000000008009e50       0x44 Middlewares/STM32_WPAN/tl_mbox.o
                0x0000000008009e50                HW_IPCC_SYS_EvtNot
 .text.TL_MM_Init
                0x0000000008009e94       0x78 Middlewares/STM32_WPAN/tl_mbox.o
                0x0000000008009e94                TL_MM_Init
 .text.TL_MM_EvtDone
                0x0000000008009f0c       0x30 Middlewares/STM32_WPAN/tl_mbox.o
                0x0000000008009f0c                TL_MM_EvtDone
 .text.SendFreeBuf
                0x0000000008009f3c       0x40 Middlewares/STM32_WPAN/tl_mbox.o
 .text.TL_TRACES_Init
                0x0000000008009f7c       0x24 Middlewares/STM32_WPAN/tl_mbox.o
                0x0000000008009f7c                TL_TRACES_Init
 .text.HW_IPCC_TRACES_EvtNot
                0x0000000008009fa0       0x34 Middlewares/STM32_WPAN/tl_mbox.o
                0x0000000008009fa0                HW_IPCC_TRACES_EvtNot
 .text.TL_TRACES_EvtReceived
                0x0000000008009fd4       0x14 Middlewares/STM32_WPAN/tl_mbox.o
                0x0000000008009fd4                TL_TRACES_EvtReceived
 .text.OutputDbgTrace
                0x0000000008009fe8       0xb4 Middlewares/STM32_WPAN/tl_mbox.o
 .text.UTIL_LPM_Init
                0x000000000800a09c       0x24 Utilities/stm32_lpm.o
                0x000000000800a09c                UTIL_LPM_Init
 .text.UTIL_LPM_SetOffMode
                0x000000000800a0c0       0x5c Utilities/stm32_lpm.o
                0x000000000800a0c0                UTIL_LPM_SetOffMode
 .text.UTIL_SEQ_Run
                0x000000000800a11c      0x1c0 Utilities/stm32_seq.o
                0x000000000800a11c                UTIL_SEQ_Run
 .text.UTIL_SEQ_RegTask
                0x000000000800a2dc       0x40 Utilities/stm32_seq.o
                0x000000000800a2dc                UTIL_SEQ_RegTask
 .text.UTIL_SEQ_SetTask
                0x000000000800a31c       0x54 Utilities/stm32_seq.o
                0x000000000800a31c                UTIL_SEQ_SetTask
 .text.UTIL_SEQ_PauseTask
                0x000000000800a370       0x3c Utilities/stm32_seq.o
                0x000000000800a370                UTIL_SEQ_PauseTask
 .text.UTIL_SEQ_ResumeTask
                0x000000000800a3ac       0x3c Utilities/stm32_seq.o
                0x000000000800a3ac                UTIL_SEQ_ResumeTask
 .text.UTIL_SEQ_SetEvt
                0x000000000800a3e8       0x3c Utilities/stm32_seq.o
                0x000000000800a3e8                UTIL_SEQ_SetEvt
 .text.UTIL_SEQ_WaitEvt
                0x000000000800a424       0x84 Utilities/stm32_seq.o
                0x000000000800a424                UTIL_SEQ_WaitEvt
 .text.UTIL_SEQ_PreIdle
                0x000000000800a4a8        0xe Utilities/stm32_seq.o
                0x000000000800a4a8                UTIL_SEQ_PreIdle
 .text.UTIL_SEQ_PostIdle
                0x000000000800a4b6        0xe Utilities/stm32_seq.o
                0x000000000800a4b6                UTIL_SEQ_PostIdle
 .text.SEQ_BitPosition
                0x000000000800a4c4       0x74 Utilities/stm32_seq.o
                0x000000000800a4c4                SEQ_BitPosition
 .text.__errno  0x000000000800a538        0xc c:/st/stm32cubeide_1.1.0/stm32cubeide/plugins/com.st.stm32cube.ide.mcu.externaltools.gnu-tools-for-stm32.7-2018-q2-update.win32_1.5.0.202011040924/tools/bin/../lib/gcc/arm-none-eabi/7.3.1/../../../../arm-none-eabi/lib/thumb/v7e-m/fpv4-sp/hard\libc_nano.a(lib_a-errno.o)
                0x000000000800a538                __errno
 .text.__libc_init_array
                0x000000000800a544       0x48 c:/st/stm32cubeide_1.1.0/stm32cubeide/plugins/com.st.stm32cube.ide.mcu.externaltools.gnu-tools-for-stm32.7-2018-q2-update.win32_1.5.0.202011040924/tools/bin/../lib/gcc/arm-none-eabi/7.3.1/../../../../arm-none-eabi/lib/thumb/v7e-m/fpv4-sp/hard\libc_nano.a(lib_a-init.o)
                0x000000000800a544                __libc_init_array
 .text.memcpy   0x000000000800a58c       0x16 c:/st/stm32cubeide_1.1.0/stm32cubeide/plugins/com.st.stm32cube.ide.mcu.externaltools.gnu-tools-for-stm32.7-2018-q2-update.win32_1.5.0.202011040924/tools/bin/../lib/gcc/arm-none-eabi/7.3.1/../../../../arm-none-eabi/lib/thumb/v7e-m/fpv4-sp/hard\libc_nano.a(lib_a-memcpy-stub.o)
                0x000000000800a58c                memcpy
 .text.memset   0x000000000800a5a2       0x10 c:/st/stm32cubeide_1.1.0/stm32cubeide/plugins/com.st.stm32cube.ide.mcu.externaltools.gnu-tools-for-stm32.7-2018-q2-update.win32_1.5.0.202011040924/tools/bin/../lib/gcc/arm-none-eabi/7.3.1/../../../../arm-none-eabi/lib/thumb/v7e-m/fpv4-sp/hard\libc_nano.a(lib_a-memset.o)
                0x000000000800a5a2                memset
 *fill*         0x000000000800a5b2        0x2 
 .text.printf   0x000000000800a5b4       0x30 c:/st/stm32cubeide_1.1.0/stm32cubeide/plugins/com.st.stm32cube.ide.mcu.externaltools.gnu-tools-for-stm32.7-2018-q2-update.win32_1.5.0.202011040924/tools/bin/../lib/gcc/arm-none-eabi/7.3.1/../../../../arm-none-eabi/lib/thumb/v7e-m/fpv4-sp/hard\libc_nano.a(lib_a-printf.o)
                0x000000000800a5b4                iprintf
                0x000000000800a5b4                printf
 .text._puts_r  0x000000000800a5e4       0xb8 c:/st/stm32cubeide_1.1.0/stm32cubeide/plugins/com.st.stm32cube.ide.mcu.externaltools.gnu-tools-for-stm32.7-2018-q2-update.win32_1.5.0.202011040924/tools/bin/../lib/gcc/arm-none-eabi/7.3.1/../../../../arm-none-eabi/lib/thumb/v7e-m/fpv4-sp/hard\libc_nano.a(lib_a-puts.o)
                0x000000000800a5e4                _puts_r
 .text.puts     0x000000000800a69c       0x10 c:/st/stm32cubeide_1.1.0/stm32cubeide/plugins/com.st.stm32cube.ide.mcu.externaltools.gnu-tools-for-stm32.7-2018-q2-update.win32_1.5.0.202011040924/tools/bin/../lib/gcc/arm-none-eabi/7.3.1/../../../../arm-none-eabi/lib/thumb/v7e-m/fpv4-sp/hard\libc_nano.a(lib_a-puts.o)
                0x000000000800a69c                puts
 .text.__swbuf_r
                0x000000000800a6ac       0xa4 c:/st/stm32cubeide_1.1.0/stm32cubeide/plugins/com.st.stm32cube.ide.mcu.externaltools.gnu-tools-for-stm32.7-2018-q2-update.win32_1.5.0.202011040924/tools/bin/../lib/gcc/arm-none-eabi/7.3.1/../../../../arm-none-eabi/lib/thumb/v7e-m/fpv4-sp/hard\libc_nano.a(lib_a-wbuf.o)
                0x000000000800a6ac                __swbuf_r
 .text.__swsetup_r
                0x000000000800a750       0xdc c:/st/stm32cubeide_1.1.0/stm32cubeide/plugins/com.st.stm32cube.ide.mcu.externaltools.gnu-tools-for-stm32.7-2018-q2-update.win32_1.5.0.202011040924/tools/bin/../lib/gcc/arm-none-eabi/7.3.1/../../../../arm-none-eabi/lib/thumb/v7e-m/fpv4-sp/hard\libc_nano.a(lib_a-wsetup.o)
                0x000000000800a750                __swsetup_r
 .text.__sflush_r
                0x000000000800a82c      0x10c c:/st/stm32cubeide_1.1.0/stm32cubeide/plugins/com.st.stm32cube.ide.mcu.externaltools.gnu-tools-for-stm32.7-2018-q2-update.win32_1.5.0.202011040924/tools/bin/../lib/gcc/arm-none-eabi/7.3.1/../../../../arm-none-eabi/lib/thumb/v7e-m/fpv4-sp/hard\libc_nano.a(lib_a-fflush.o)
                0x000000000800a82c                __sflush_r
 .text._fflush_r
                0x000000000800a938       0x54 c:/st/stm32cubeide_1.1.0/stm32cubeide/plugins/com.st.stm32cube.ide.mcu.externaltools.gnu-tools-for-stm32.7-2018-q2-update.win32_1.5.0.202011040924/tools/bin/../lib/gcc/arm-none-eabi/7.3.1/../../../../arm-none-eabi/lib/thumb/v7e-m/fpv4-sp/hard\libc_nano.a(lib_a-fflush.o)
                0x000000000800a938                _fflush_r
 .text.std      0x000000000800a98c       0x48 c:/st/stm32cubeide_1.1.0/stm32cubeide/plugins/com.st.stm32cube.ide.mcu.externaltools.gnu-tools-for-stm32.7-2018-q2-update.win32_1.5.0.202011040924/tools/bin/../lib/gcc/arm-none-eabi/7.3.1/../../../../arm-none-eabi/lib/thumb/v7e-m/fpv4-sp/hard\libc_nano.a(lib_a-findfp.o)
 .text._cleanup_r
                0x000000000800a9d4        0xc c:/st/stm32cubeide_1.1.0/stm32cubeide/plugins/com.st.stm32cube.ide.mcu.externaltools.gnu-tools-for-stm32.7-2018-q2-update.win32_1.5.0.202011040924/tools/bin/../lib/gcc/arm-none-eabi/7.3.1/../../../../arm-none-eabi/lib/thumb/v7e-m/fpv4-sp/hard\libc_nano.a(lib_a-findfp.o)
                0x000000000800a9d4                _cleanup_r
 .text.__sfmoreglue
                0x000000000800a9e0       0x2c c:/st/stm32cubeide_1.1.0/stm32cubeide/plugins/com.st.stm32cube.ide.mcu.externaltools.gnu-tools-for-stm32.7-2018-q2-update.win32_1.5.0.202011040924/tools/bin/../lib/gcc/arm-none-eabi/7.3.1/../../../../arm-none-eabi/lib/thumb/v7e-m/fpv4-sp/hard\libc_nano.a(lib_a-findfp.o)
                0x000000000800a9e0                __sfmoreglue
 .text.__sinit  0x000000000800aa0c       0x60 c:/st/stm32cubeide_1.1.0/stm32cubeide/plugins/com.st.stm32cube.ide.mcu.externaltools.gnu-tools-for-stm32.7-2018-q2-update.win32_1.5.0.202011040924/tools/bin/../lib/gcc/arm-none-eabi/7.3.1/../../../../arm-none-eabi/lib/thumb/v7e-m/fpv4-sp/hard\libc_nano.a(lib_a-findfp.o)
                0x000000000800aa0c                __sinit
 .text.__sfp    0x000000000800aa6c       0x78 c:/st/stm32cubeide_1.1.0/stm32cubeide/plugins/com.st.stm32cube.ide.mcu.externaltools.gnu-tools-for-stm32.7-2018-q2-update.win32_1.5.0.202011040924/tools/bin/../lib/gcc/arm-none-eabi/7.3.1/../../../../arm-none-eabi/lib/thumb/v7e-m/fpv4-sp/hard\libc_nano.a(lib_a-findfp.o)
                0x000000000800aa6c                __sfp
 .text._fwalk_reent
                0x000000000800aae4       0x3c c:/st/stm32cubeide_1.1.0/stm32cubeide/plugins/com.st.stm32cube.ide.mcu.externaltools.gnu-tools-for-stm32.7-2018-q2-update.win32_1.5.0.202011040924/tools/bin/../lib/gcc/arm-none-eabi/7.3.1/../../../../arm-none-eabi/lib/thumb/v7e-m/fpv4-sp/hard\libc_nano.a(lib_a-fwalk.o)
                0x000000000800aae4                _fwalk_reent
 .text.__swhatbuf_r
                0x000000000800ab20       0x48 c:/st/stm32cubeide_1.1.0/stm32cubeide/plugins/com.st.stm32cube.ide.mcu.externaltools.gnu-tools-for-stm32.7-2018-q2-update.win32_1.5.0.202011040924/tools/bin/../lib/gcc/arm-none-eabi/7.3.1/../../../../arm-none-eabi/lib/thumb/v7e-m/fpv4-sp/hard\libc_nano.a(lib_a-makebuf.o)
                0x000000000800ab20                __swhatbuf_r
 .text.__smakebuf_r
                0x000000000800ab68       0x80 c:/st/stm32cubeide_1.1.0/stm32cubeide/plugins/com.st.stm32cube.ide.mcu.externaltools.gnu-tools-for-stm32.7-2018-q2-update.win32_1.5.0.202011040924/tools/bin/../lib/gcc/arm-none-eabi/7.3.1/../../../../arm-none-eabi/lib/thumb/v7e-m/fpv4-sp/hard\libc_nano.a(lib_a-makebuf.o)
                0x000000000800ab68                __smakebuf_r
 .text._free_r  0x000000000800abe8       0x9c c:/st/stm32cubeide_1.1.0/stm32cubeide/plugins/com.st.stm32cube.ide.mcu.externaltools.gnu-tools-for-stm32.7-2018-q2-update.win32_1.5.0.202011040924/tools/bin/../lib/gcc/arm-none-eabi/7.3.1/../../../../arm-none-eabi/lib/thumb/v7e-m/fpv4-sp/hard\libc_nano.a(lib_a-nano-freer.o)
                0x000000000800abe8                _free_r
 .text._malloc_r
                0x000000000800ac84       0xb4 c:/st/stm32cubeide_1.1.0/stm32cubeide/plugins/com.st.stm32cube.ide.mcu.externaltools.gnu-tools-for-stm32.7-2018-q2-update.win32_1.5.0.202011040924/tools/bin/../lib/gcc/arm-none-eabi/7.3.1/../../../../arm-none-eabi/lib/thumb/v7e-m/fpv4-sp/hard\libc_nano.a(lib_a-nano-mallocr.o)
                0x000000000800ac84                _malloc_r
 .text.__sfputc_r
                0x000000000800ad38       0x2e c:/st/stm32cubeide_1.1.0/stm32cubeide/plugins/com.st.stm32cube.ide.mcu.externaltools.gnu-tools-for-stm32.7-2018-q2-update.win32_1.5.0.202011040924/tools/bin/../lib/gcc/arm-none-eabi/7.3.1/../../../../arm-none-eabi/lib/thumb/v7e-m/fpv4-sp/hard\libc_nano.a(lib_a-nano-vfprintf.o)
 .text.__sfputs_r
                0x000000000800ad66       0x24 c:/st/stm32cubeide_1.1.0/stm32cubeide/plugins/com.st.stm32cube.ide.mcu.externaltools.gnu-tools-for-stm32.7-2018-q2-update.win32_1.5.0.202011040924/tools/bin/../lib/gcc/arm-none-eabi/7.3.1/../../../../arm-none-eabi/lib/thumb/v7e-m/fpv4-sp/hard\libc_nano.a(lib_a-nano-vfprintf.o)
                0x000000000800ad66                __sfputs_r
 *fill*         0x000000000800ad8a        0x2 
 .text._vfprintf_r
                0x000000000800ad8c      0x22c c:/st/stm32cubeide_1.1.0/stm32cubeide/plugins/com.st.stm32cube.ide.mcu.externaltools.gnu-tools-for-stm32.7-2018-q2-update.win32_1.5.0.202011040924/tools/bin/../lib/gcc/arm-none-eabi/7.3.1/../../../../arm-none-eabi/lib/thumb/v7e-m/fpv4-sp/hard\libc_nano.a(lib_a-nano-vfprintf.o)
                0x000000000800ad8c                _vfprintf_r
                0x000000000800ad8c                _vfiprintf_r
 .text._printf_common
                0x000000000800afb8       0xea c:/st/stm32cubeide_1.1.0/stm32cubeide/plugins/com.st.stm32cube.ide.mcu.externaltools.gnu-tools-for-stm32.7-2018-q2-update.win32_1.5.0.202011040924/tools/bin/../lib/gcc/arm-none-eabi/7.3.1/../../../../arm-none-eabi/lib/thumb/v7e-m/fpv4-sp/hard\libc_nano.a(lib_a-nano-vfprintf_i.o)
                0x000000000800afb8                _printf_common
 *fill*         0x000000000800b0a2        0x2 
 .text._printf_i
                0x000000000800b0a4      0x224 c:/st/stm32cubeide_1.1.0/stm32cubeide/plugins/com.st.stm32cube.ide.mcu.externaltools.gnu-tools-for-stm32.7-2018-q2-update.win32_1.5.0.202011040924/tools/bin/../lib/gcc/arm-none-eabi/7.3.1/../../../../arm-none-eabi/lib/thumb/v7e-m/fpv4-sp/hard\libc_nano.a(lib_a-nano-vfprintf_i.o)
                0x000000000800b0a4                _printf_i
 .text._sbrk_r  0x000000000800b2c8       0x20 c:/st/stm32cubeide_1.1.0/stm32cubeide/plugins/com.st.stm32cube.ide.mcu.externaltools.gnu-tools-for-stm32.7-2018-q2-update.win32_1.5.0.202011040924/tools/bin/../lib/gcc/arm-none-eabi/7.3.1/../../../../arm-none-eabi/lib/thumb/v7e-m/fpv4-sp/hard\libc_nano.a(lib_a-sbrkr.o)
                0x000000000800b2c8                _sbrk_r
 .text.__sread  0x000000000800b2e8       0x22 c:/st/stm32cubeide_1.1.0/stm32cubeide/plugins/com.st.stm32cube.ide.mcu.externaltools.gnu-tools-for-stm32.7-2018-q2-update.win32_1.5.0.202011040924/tools/bin/../lib/gcc/arm-none-eabi/7.3.1/../../../../arm-none-eabi/lib/thumb/v7e-m/fpv4-sp/hard\libc_nano.a(lib_a-stdio.o)
                0x000000000800b2e8                __sread
 .text.__swrite
                0x000000000800b30a       0x38 c:/st/stm32cubeide_1.1.0/stm32cubeide/plugins/com.st.stm32cube.ide.mcu.externaltools.gnu-tools-for-stm32.7-2018-q2-update.win32_1.5.0.202011040924/tools/bin/../lib/gcc/arm-none-eabi/7.3.1/../../../../arm-none-eabi/lib/thumb/v7e-m/fpv4-sp/hard\libc_nano.a(lib_a-stdio.o)
                0x000000000800b30a                __swrite
 .text.__sseek  0x000000000800b342       0x24 c:/st/stm32cubeide_1.1.0/stm32cubeide/plugins/com.st.stm32cube.ide.mcu.externaltools.gnu-tools-for-stm32.7-2018-q2-update.win32_1.5.0.202011040924/tools/bin/../lib/gcc/arm-none-eabi/7.3.1/../../../../arm-none-eabi/lib/thumb/v7e-m/fpv4-sp/hard\libc_nano.a(lib_a-stdio.o)
                0x000000000800b342                __sseek
 .text.__sclose
                0x000000000800b366        0x8 c:/st/stm32cubeide_1.1.0/stm32cubeide/plugins/com.st.stm32cube.ide.mcu.externaltools.gnu-tools-for-stm32.7-2018-q2-update.win32_1.5.0.202011040924/tools/bin/../lib/gcc/arm-none-eabi/7.3.1/../../../../arm-none-eabi/lib/thumb/v7e-m/fpv4-sp/hard\libc_nano.a(lib_a-stdio.o)
                0x000000000800b366                __sclose
 *fill*         0x000000000800b36e        0x2 
 .text._write_r
                0x000000000800b370       0x24 c:/st/stm32cubeide_1.1.0/stm32cubeide/plugins/com.st.stm32cube.ide.mcu.externaltools.gnu-tools-for-stm32.7-2018-q2-update.win32_1.5.0.202011040924/tools/bin/../lib/gcc/arm-none-eabi/7.3.1/../../../../arm-none-eabi/lib/thumb/v7e-m/fpv4-sp/hard\libc_nano.a(lib_a-writer.o)
                0x000000000800b370                _write_r
 .text._close_r
                0x000000000800b394       0x20 c:/st/stm32cubeide_1.1.0/stm32cubeide/plugins/com.st.stm32cube.ide.mcu.externaltools.gnu-tools-for-stm32.7-2018-q2-update.win32_1.5.0.202011040924/tools/bin/../lib/gcc/arm-none-eabi/7.3.1/../../../../arm-none-eabi/lib/thumb/v7e-m/fpv4-sp/hard\libc_nano.a(lib_a-closer.o)
                0x000000000800b394                _close_r
 .text._fstat_r
                0x000000000800b3b4       0x24 c:/st/stm32cubeide_1.1.0/stm32cubeide/plugins/com.st.stm32cube.ide.mcu.externaltools.gnu-tools-for-stm32.7-2018-q2-update.win32_1.5.0.202011040924/tools/bin/../lib/gcc/arm-none-eabi/7.3.1/../../../../arm-none-eabi/lib/thumb/v7e-m/fpv4-sp/hard\libc_nano.a(lib_a-fstatr.o)
                0x000000000800b3b4                _fstat_r
 .text._isatty_r